Component: ARM Compiler 5.06 update 7 (build 960) Tool: armlink [4d3601]

==============================================================================

Section Cross References

    startup_stm32f103xb.o(RESET) refers to startup_stm32f103xb.o(STACK) for __initial_sp
    startup_stm32f103xb.o(RESET) refers to startup_stm32f103xb.o(.text) for Reset_Handler
    startup_stm32f103xb.o(RESET) refers to stm32f1xx_it.o(i.NMI_Handler) for NMI_Handler
    startup_stm32f103xb.o(RESET) refers to stm32f1xx_it.o(i.HardFault_Handler) for HardFault_Handler
    startup_stm32f103xb.o(RESET) refers to stm32f1xx_it.o(i.MemManage_Handler) for MemManage_Handler
    startup_stm32f103xb.o(RESET) refers to stm32f1xx_it.o(i.BusFault_Handler) for BusFault_Handler
    startup_stm32f103xb.o(RESET) refers to stm32f1xx_it.o(i.UsageFault_Handler) for UsageFault_Handler
    startup_stm32f103xb.o(RESET) refers to stm32f1xx_it.o(i.SVC_Handler) for SVC_Handler
    startup_stm32f103xb.o(RESET) refers to stm32f1xx_it.o(i.DebugMon_Handler) for DebugMon_Handler
    startup_stm32f103xb.o(RESET) refers to stm32f1xx_it.o(i.PendSV_Handler) for PendSV_Handler
    startup_stm32f103xb.o(RESET) refers to stm32f1xx_it.o(i.SysTick_Handler) for SysTick_Handler
    startup_stm32f103xb.o(RESET) refers to stm32f1xx_it.o(i.TIM3_IRQHandler) for TIM3_IRQHandler
    startup_stm32f103xb.o(RESET) refers to stm32f1xx_it.o(i.USART1_IRQHandler) for USART1_IRQHandler
    startup_stm32f103xb.o(RESET) refers to stm32f1xx_it.o(i.USART2_IRQHandler) for USART2_IRQHandler
    startup_stm32f103xb.o(RESET) refers to stm32f1xx_it.o(i.USART3_IRQHandler) for USART3_IRQHandler
    startup_stm32f103xb.o(.text) refers to system_stm32f1xx.o(i.SystemInit) for SystemInit
    startup_stm32f103xb.o(.text) refers to entry.o(.ARM.Collect$$$$00000000) for __main
    main.o(i.SystemClock_Config) refers to memseta.o(.text) for __aeabi_memclr4
    main.o(i.SystemClock_Config) refers to stm32f1xx_hal_rcc.o(i.HAL_RCC_OscConfig) for HAL_RCC_OscConfig
    main.o(i.SystemClock_Config) refers to stm32f1xx_hal_rcc.o(i.HAL_RCC_ClockConfig) for HAL_RCC_ClockConfig
    main.o(i.fputc) refers to stm32f1xx_hal_uart.o(i.HAL_UART_Transmit) for HAL_UART_Transmit
    main.o(i.fputc) refers to usart.o(.bss) for huart1
    main.o(i.key_show) refers to key.o(i.button4_4_Scan) for button4_4_Scan
    main.o(i.key_show) refers to oled.o(i.OLED_ShowNum) for OLED_ShowNum
    main.o(i.key_show) refers to hhstore.o(i.Store_Save) for Store_Save
    main.o(i.key_show) refers to main.o(.data) for .data
    main.o(i.key_show) refers to hhstore.o(.data) for Store_Data
    main.o(i.main) refers to stm32f1xx_hal.o(i.HAL_Init) for HAL_Init
    main.o(i.main) refers to main.o(i.SystemClock_Config) for SystemClock_Config
    main.o(i.main) refers to gpio.o(i.MX_GPIO_Init) for MX_GPIO_Init
    main.o(i.main) refers to usart.o(i.MX_USART3_UART_Init) for MX_USART3_UART_Init
    main.o(i.main) refers to usart.o(i.MX_USART1_UART_Init) for MX_USART1_UART_Init
    main.o(i.main) refers to i2c.o(i.MX_I2C1_Init) for MX_I2C1_Init
    main.o(i.main) refers to usart.o(i.MX_USART2_UART_Init) for MX_USART2_UART_Init
    main.o(i.main) refers to tim.o(i.MX_TIM3_Init) for MX_TIM3_Init
    main.o(i.main) refers to oled.o(i.OLED_Init) for OLED_Init
    main.o(i.main) refers to hhstore.o(i.Store_Init) for Store_Init
    main.o(i.main) refers to stm32f1xx_hal_uart.o(i.HAL_UART_Receive_IT) for HAL_UART_Receive_IT
    main.o(i.main) refers to stm32f1xx_hal_tim.o(i.HAL_TIM_Base_Start_IT) for HAL_TIM_Base_Start_IT
    main.o(i.main) refers to as608.o(i.PS_StaGPIO_Init) for PS_StaGPIO_Init
    main.o(i.main) refers to oled.o(i.OLED_CLS) for OLED_CLS
    main.o(i.main) refers to printf5.o(i.__0printf$5) for __2printf
    main.o(i.main) refers to as608.o(i.as608_init) for as608_init
    main.o(i.main) refers to menu.o(i.view_display) for view_display
    main.o(i.main) refers to menu.o(i.key_display) for key_display
    main.o(i.main) refers to stm32f1xx_hal.o(i.HAL_Delay) for HAL_Delay
    main.o(i.main) refers to menu.o(i.usart_disp) for usart_disp
    main.o(i.main) refers to myusart.o(.data) for receive_dat
    main.o(i.main) refers to usart.o(.bss) for huart3
    main.o(i.main) refers to tim.o(.bss) for htim3
    gpio.o(i.MX_GPIO_Init) refers to stm32f1xx_hal_gpio.o(i.HAL_GPIO_WritePin) for HAL_GPIO_WritePin
    gpio.o(i.MX_GPIO_Init) refers to stm32f1xx_hal_gpio.o(i.HAL_GPIO_Init) for HAL_GPIO_Init
    i2c.o(i.HAL_I2C_MspDeInit) refers to stm32f1xx_hal_gpio.o(i.HAL_GPIO_DeInit) for HAL_GPIO_DeInit
    i2c.o(i.HAL_I2C_MspInit) refers to stm32f1xx_hal_gpio.o(i.HAL_GPIO_Init) for HAL_GPIO_Init
    i2c.o(i.MX_I2C1_Init) refers to stm32f1xx_hal_i2c.o(i.HAL_I2C_Init) for HAL_I2C_Init
    i2c.o(i.MX_I2C1_Init) refers to main.o(i.Error_Handler) for Error_Handler
    i2c.o(i.MX_I2C1_Init) refers to i2c.o(.bss) for .bss
    tim.o(i.HAL_TIM_Base_MspDeInit) refers to stm32f1xx_hal_cortex.o(i.HAL_NVIC_DisableIRQ) for HAL_NVIC_DisableIRQ
[...]
    ..\Core\Src\system_stm32f1xx.c           0x00000000   Number         0  system_stm32f1xx.o ABSOLUTE
    ..\Core\Src\tim.c                        0x00000000   Number         0  tim.o ABSOLUTE
    ..\Core\Src\usart.c                      0x00000000   Number         0  usart.o ABSOLUTE
    ..\Drivers\STM32F1xx_HAL_Driver\Src\stm32f1xx_hal.c 0x00000000   Number         0  stm32f1xx_hal.o ABSOLUTE
    ..\Drivers\STM32F1xx_HAL_Driver\Src\stm32f1xx_hal_cortex.c 0x00000000   Number         0  stm32f1xx_hal_cortex.o ABSOLUTE
    ..\Drivers\STM32F1xx_HAL_Driver\Src\stm32f1xx_hal_dma.c 0x00000000   Number         0  stm32f1xx_hal_dma.o ABSOLUTE
    ..\Drivers\STM32F1xx_HAL_Driver\Src\stm32f1xx_hal_exti.c 0x00000000   Number         0  stm32f1xx_hal_exti.o ABSOLUTE
    ..\Drivers\STM32F1xx_HAL_Driver\Src\stm32f1xx_hal_flash.c 0x00000000   Number         0  stm32f1xx_hal_flash.o ABSOLUTE
    ..\Drivers\STM32F1xx_HAL_Driver\Src\stm32f1xx_hal_flash_ex.c 0x00000000   Number         0  stm32f1xx_hal_flash_ex.o ABSOLUTE
    ..\Drivers\STM32F1xx_HAL_Driver\Src\stm32f1xx_hal_gpio.c 0x00000000   Number         0  stm32f1xx_hal_gpio.o ABSOLUTE
    ..\Drivers\STM32F1xx_HAL_Driver\Src\stm32f1xx_hal_gpio_ex.c 0x00000000   Number         0  stm32f1xx_hal_gpio_ex.o ABSOLUTE
    ..\Drivers\STM32F1xx_HAL_Driver\Src\stm32f1xx_hal_i2c.c 0x00000000   Number         0  stm32f1xx_hal_i2c.o ABSOLUTE
    ..\Drivers\STM32F1xx_HAL_Driver\Src\stm32f1xx_hal_pwr.c 0x00000000   Number         0  stm32f1xx_hal_pwr.o ABSOLUTE
    ..\Drivers\STM32F1xx_HAL_Driver\Src\stm32f1xx_hal_rcc.c 0x00000000   Number         0  stm32f1xx_hal_rcc.o ABSOLUTE
    ..\Drivers\STM32F1xx_HAL_Driver\Src\stm32f1xx_hal_rcc_ex.c 0x00000000   Number         0  stm32f1xx_hal_rcc_ex.o ABSOLUTE
    ..\Drivers\STM32F1xx_HAL_Driver\Src\stm32f1xx_hal_tim.c 0x00000000   Number         0  stm32f1xx_hal_tim.o ABSOLUTE
    ..\Drivers\STM32F1xx_HAL_Driver\Src\stm32f1xx_hal_tim_ex.c 0x00000000   Number         0  stm32f1xx_hal_tim_ex.o ABSOLUTE
    ..\Drivers\STM32F1xx_HAL_Driver\Src\stm32f1xx_hal_uart.c 0x00000000   Number         0  stm32f1xx_hal_uart.o ABSOLUTE
    ..\\Bsp\\AS608.c                         0x00000000   Number         0  as608.o ABSOLUTE
    ..\\Bsp\\SYN6288.c                       0x00000000   Number         0  syn6288.o ABSOLUTE
    ..\\Bsp\\delay.c                         0x00000000   Number         0  delay.o ABSOLUTE
    ..\\Bsp\\hhStore.c                       0x00000000   Number         0  hhstore.o ABSOLUTE
    ..\\Bsp\\key.c                           0x00000000   Number         0  key.o ABSOLUTE
    ..\\Bsp\\menu.c                          0x00000000   Number         0  menu.o ABSOLUTE
    ..\\Bsp\\myusart.c                       0x00000000   Number         0  myusart.o ABSOLUTE
    ..\\Bsp\\oled.c                          0x00000000   Number         0  oled.o ABSOLUTE
    ..\\Bsp\\timer.c                         0x00000000   Number         0  timer.o ABSOLUTE
    cdrcmple.s                               0x00000000   Number         0  cdrcmple.o ABSOLUTE
    dc.s                                     0x00000000   Number         0  dc.o ABSOLUTE
    handlers.s                               0x00000000   Number         0  handlers.o ABSOLUTE
    init.s                                   0x00000000   Number         0  init.o ABSOLUTE
    startup_stm32f103xb.s                    0x00000000   Number         0  startup_stm32f103xb.o ABSOLUTE
    RESET                                    0x08000000   Section      236  startup_stm32f103xb.o(RESET)
    .ARM.Collect$$$$00000000                 0x080000ec   Section        0  entry.o(.ARM.Collect$$$$00000000)
    .ARM.Collect$$$$00000001                 0x080000ec   Section        4  entry2.o(.ARM.Collect$$$$00000001)
    .ARM.Collect$$$$00000004                 0x080000f0   Section        4  entry5.o(.ARM.Collect$$$$00000004)
    .ARM.Collect$$$$00000008                 0x080000f4   Section        0  entry7b.o(.ARM.Collect$$$$00000008)
    .ARM.Collect$$$$0000000A                 0x080000f4   Section        0  entry8b.o(.ARM.Collect$$$$0000000A)
    .ARM.Collect$$$$0000000B                 0x080000f4   Section        8  entry9a.o(.ARM.Collect$$$$0000000B)
    .ARM.Collect$$$$0000000E                 0x080000fc   Section        4  entry12b.o(.ARM.Collect$$$$0000000E)
    .ARM.Collect$$$$0000000F                 0x08000100   Section        0  entry10a.o(.ARM.Collect$$$$0000000F)
    .ARM.Collect$$$$00000011                 0x08000100   Section        0  entry11a.o(.ARM.Collect$$$$00000011)
    .ARM.Collect$$$$00002712                 0x08000100   Section        4  entry2.o(.ARM.Collect$$$$00002712)
    __lit__00000000                          0x08000100   Data           4  entry2.o(.ARM.Collect$$$$00002712)
    .text                                    0x08000104   Section       36  startup_stm32f103xb.o(.text)
    .text                                    0x08000128   Section        0  llushr.o(.text)
    .text                                    0x08000148   Section        0  memcpya.o(.text)
    .text                                    0x0800016c   Section        0  memseta.o(.text)
    .text                                    0x08000190   Section        0  strstr.o(.text)
    .text                                    0x080001b4   Section        0  strlen.o(.text)
    .text                                    0x080001c2   Section        0  memcmp.o(.text)
    .text                                    0x080001dc   Section        0  uldiv.o(.text)
    .text                                    0x08000240   Section       36  init.o(.text)
    .text                                    0x08000264   Section        0  llshl.o(.text)
    .text                                    0x08000282   Section        0  __dclz77c.o(.text)
    i.Add_FR                                 0x080002e0   Section        0  as608.o(i.Add_FR)
    i.BusFault_Handler                       0x08000548   Section        0  stm32f1xx_it.o(i.BusFault_Handler)
    i.DebugMon_Handler                       0x0800054a   Section        0  stm32f1xx_it.o(i.DebugMon_Handler)
    i.Del_FR                                 0x0800054c   Section        0  as608.o(i.Del_FR)
    i.EnsureMessage                          0x0800067c   Section        0  as608.o(i.EnsureMessage)
    i.Error_Handler                          0x080008b8   Section        0  main.o(i.Error_Handler)
    i.FLASH_MassErase                        0x080008bc   Section        0  stm32f1xx_hal_flash_ex.o(i.FLASH_MassErase)
    FLASH_MassErase                          0x080008bd   Thumb Code    26  stm32f1xx_hal_flash_ex.o(i.FLASH_MassErase)
    i.FLASH_PageErase                        0x080008e0   Section        0  stm32f1xx_hal_flash_ex.o(i.FLASH_PageErase)
    i.FLASH_Program_HalfWord                 0x08000904   Section        0  stm32f1xx_hal_flash.o(i.FLASH_Program_HalfWord)
    FLASH_Program_HalfWord                   0x08000905   Thumb Code    20  stm32f1xx_hal_flash.o(i.FLASH_Program_HalfWord)
    i.FLASH_SetErrorCode                     0x08000920   Section        0  stm32f1xx_hal_flash.o(i.FLASH_SetErrorCode)
    FLASH_SetErrorCode                       0x08000921   Thumb Code    84  stm32f1xx_hal_flash.o(i.FLASH_SetErrorCode)
    i.FLASH_WaitForLastOperation             0x0800097c   Section        0  stm32f1xx_hal_flash.o(i.FLASH_WaitForLastOperation)
    i.Figure                                 0x080009d0   Section        0  menu.o(i.Figure)
    i.HAL_DMA_Abort                          0x080009e4   Section        0  stm32f1xx_hal_dma.o(i.HAL_DMA_Abort)
    i.HAL_DMA_Abort_IT                       0x08000a2c   Section        0  stm32f1xx_hal_dma.o(i.HAL_DMA_Abort_IT)
    i.HAL_Delay                              0x08000ac4   Section        0  stm32f1xx_hal.o(i.HAL_Delay)
    i.HAL_FLASHEx_Erase                      0x08000ae8   Section        0  stm32f1xx_hal_flash_ex.o(i.HAL_FLASHEx_Erase)
    i.HAL_FLASH_Lock                         0x08000b90   Section        0  stm32f1xx_hal_flash.o(i.HAL_FLASH_Lock)
    i.HAL_FLASH_Program                      0x08000ba4   Section        0  stm32f1xx_hal_flash.o(i.HAL_FLASH_Program)
    i.HAL_FLASH_Unlock                       0x08000c24   Section        0  stm32f1xx_hal_flash.o(i.HAL_FLASH_Unlock)
    i.HAL_GPIO_Init                          0x08000c4c   Section        0  stm32f1xx_hal_gpio.o(i.HAL_GPIO_Init)
    i.HAL_GPIO_ReadPin                       0x08000e2c   Section        0  stm32f1xx_hal_gpio.o(i.HAL_GPIO_ReadPin)
    i.HAL_GPIO_WritePin                      0x08000e36   Section        0  stm32f1xx_hal_gpio.o(i.HAL_GPIO_WritePin)
    i.HAL_GetTick                            0x08000e40   Section        0  stm32f1xx_hal.o(i.HAL_GetTick)
    i.HAL_I2C_Init                           0x08000e4c   Section        0  stm32f1xx_hal_i2c.o(i.HAL_I2C_Init)
    i.HAL_I2C_Mem_Write                      0x08000fd4   Section        0  stm32f1xx_hal_i2c.o(i.HAL_I2C_Mem_Write)
    i.HAL_I2C_MspInit                        0x08001104   Section        0  i2c.o(i.HAL_I2C_MspInit)
    i.HAL_IncTick                            0x08001160   Section        0  stm32f1xx_hal.o(i.HAL_IncTick)
    i.HAL_Init                               0x08001170   Section        0  stm32f1xx_hal.o(i.HAL_Init)
    i.HAL_InitTick                           0x08001194   Section        0  stm32f1xx_hal.o(i.HAL_InitTick)
    i.HAL_MspInit                            0x080011d4   Section        0  stm32f1xx_hal_msp.o(i.HAL_MspInit)
    i.HAL_NVIC_EnableIRQ                     0x08001210   Section        0  stm32f1xx_hal_cortex.o(i.HAL_NVIC_EnableIRQ)
    i.HAL_NVIC_SetPriority                   0x0800122c   Section        0  stm32f1xx_hal_cortex.o(i.HAL_NVIC_SetPriority)
    i.HAL_NVIC_SetPriorityGrouping           0x0800126c   Section        0  stm32f1xx_hal_cortex.o(i.HAL_NVIC_SetPriorityGrouping)
    i.HAL_RCC_ClockConfig                    0x08001290   Section        0  stm32f1xx_hal_rcc.o(i.HAL_RCC_ClockConfig)
    i.HAL_RCC_GetPCLK1Freq                   0x080013bc   Section        0  stm32f1xx_hal_rcc.o(i.HAL_RCC_GetPCLK1Freq)
    i.HAL_RCC_GetPCLK2Freq                   0x080013dc   Section        0  stm32f1xx_hal_rcc.o(i.HAL_RCC_GetPCLK2Freq)
    i.HAL_RCC_GetSysClockFreq                0x080013fc   Section        0  stm32f1xx_hal_rcc.o(i.HAL_RCC_GetSysClockFreq)
    i.HAL_RCC_OscConfig                      0x08001448   Section        0  stm32f1xx_hal_rcc.o(i.HAL_RCC_OscConfig)
    i.HAL_SYSTICK_Config                     0x08001768   Section        0  stm32f1xx_hal_cortex.o(i.HAL_SYSTICK_Config)
    i.HAL_TIMEx_BreakCallback                0x08001790   Section        0  stm32f1xx_hal_tim_ex.o(i.HAL_TIMEx_BreakCallback)
    i.HAL_TIMEx_CommutCallback               0x08001792   Section        0  stm32f1xx_hal_tim_ex.o(i.HAL_TIMEx_CommutCallback)
    i.HAL_TIMEx_MasterConfigSynchronization  0x08001794   Section        0  stm32f1xx_hal_tim_ex.o(i.HAL_TIMEx_MasterConfigSynchronization)
    i.HAL_TIM_Base_Init                      0x080017fc   Section        0  stm32f1xx_hal_tim.o(i.HAL_TIM_Base_Init)
    i.HAL_TIM_Base_MspInit                   0x08001858   Section        0  tim.o(i.HAL_TIM_Base_MspInit)
    i.HAL_TIM_Base_Start_IT                  0x08001894   Section        0  stm32f1xx_hal_tim.o(i.HAL_TIM_Base_Start_IT)
    i.HAL_TIM_ConfigClockSource              0x080018ec   Section        0  stm32f1xx_hal_tim.o(i.HAL_TIM_ConfigClockSource)
    i.HAL_TIM_IC_CaptureCallback             0x080019c8   Section        0  stm32f1xx_hal_tim.o(i.HAL_TIM_IC_CaptureCallback)
    i.HAL_TIM_IRQHandler                     0x080019ca   Section        0  stm32f1xx_hal_tim.o(i.HAL_TIM_IRQHandler)
    i.HAL_TIM_OC_DelayElapsedCallback        0x08001b30   Section        0  stm32f1xx_hal_tim.o(i.HAL_TIM_OC_DelayElapsedCallback)
    i.HAL_TIM_PWM_PulseFinishedCallback      0x08001b32   Section        0  stm32f1xx_hal_tim.o(i.HAL_TIM_PWM_PulseFinishedCallback)
    i.HAL_TIM_PeriodElapsedCallback          0x08001b34   Section        0  timer.o(i.HAL_TIM_PeriodElapsedCallback)
    i.HAL_TIM_TriggerCallback                0x08001c0c   Section        0  stm32f1xx_hal_tim.o(i.HAL_TIM_TriggerCallback)
    i.HAL_UARTEx_RxEventCallback             0x08001c0e   Section        0  stm32f1xx_hal_uart.o(i.HAL_UARTEx_RxEventCallback)
    i.HAL_UART_ErrorCallback                 0x08001c10   Section        0  stm32f1xx_hal_uart.o(i.HAL_UART_ErrorCallback)
    i.HAL_UART_IRQHandler                    0x08001c14   Section        0  stm32f1xx_hal_uart.o(i.HAL_UART_IRQHandler)
    i.HAL_UART_Init                          0x08001e80   Section        0  stm32f1xx_hal_uart.o(i.HAL_UART_Init)
    i.HAL_UART_MspInit                       0x08001ee4   Section        0  usart.o(i.HAL_UART_MspInit)
    i.HAL_UART_Receive_IT                    0x08002018   Section        0  stm32f1xx_hal_uart.o(i.HAL_UART_Receive_IT)
    i.HAL_UART_RxCpltCallback                0x08002034   Section        0  myusart.o(i.HAL_UART_RxCpltCallback)
    i.HAL_UART_Transmit                      0x08002098   Section        0  stm32f1xx_hal_uart.o(i.HAL_UART_Transmit)
    i.HAL_UART_TxCpltCallback                0x08002132   Section        0  stm32f1xx_hal_uart.o(i.HAL_UART_TxCpltCallback)
    i.HardFault_Handler                      0x08002134   Section        0  stm32f1xx_it.o(i.HardFault_Handler)
    i.I2C_IsAcknowledgeFailed                0x08002136   Section        0  stm32f1xx_hal_i2c.o(i.I2C_IsAcknowledgeFailed)
    I2C_IsAcknowledgeFailed                  0x08002137   Thumb Code    46  stm32f1xx_hal_i2c.o(i.I2C_IsAcknowledgeFailed)
    i.I2C_RequestMemoryWrite                 0x08002164   Section        0  stm32f1xx_hal_i2c.o(i.I2C_RequestMemoryWrite)
    I2C_RequestMemoryWrite                   0x08002165   Thumb Code   162  stm32f1xx_hal_i2c.o(i.I2C_RequestMemoryWrite)
    i.I2C_WaitOnBTFFlagUntilTimeout          0x0800220c   Section        0  stm32f1xx_hal_i2c.o(i.I2C_WaitOnBTFFlagUntilTimeout)
    I2C_WaitOnBTFFlagUntilTimeout            0x0800220d   Thumb Code    86  stm32f1xx_hal_i2c.o(i.I2C_WaitOnBTFFlagUntilTimeout)
    i.I2C_WaitOnFlagUntilTimeout             0x08002264   Section        0  stm32f1xx_hal_i2c.o(i.I2C_WaitOnFlagUntilTimeout)
    I2C_WaitOnFlagUntilTimeout               0x08002265   Thumb Code   144  stm32f1xx_hal_i2c.o(i.I2C_WaitOnFlagUntilTimeout)
    i.I2C_WaitOnMasterAddressFlagUntilTimeout 0x080022f4   Section        0  stm32f1xx_hal_i2c.o(i.I2C_WaitOnMasterAddressFlagUntilTimeout)
    I2C_WaitOnMasterAddressFlagUntilTimeout  0x080022f5   Thumb Code   188  stm32f1xx_hal_i2c.o(i.I2C_WaitOnMasterAddressFlagUntilTimeout)
    i.I2C_WaitOnTXEFlagUntilTimeout          0x080023b0   Section        0  stm32f1xx_hal_i2c.o(i.I2C_WaitOnTXEFlagUntilTimeout)
    I2C_WaitOnTXEFlagUntilTimeout            0x080023b1   Thumb Code    86  stm32f1xx_hal_i2c.o(i.I2C_WaitOnTXEFlagUntilTimeout)
    i.IsModuleWakingUp1                      0x08002408   Section        0  as608.o(i.IsModuleWakingUp1)
    i.JudgeStr                               0x08002414   Section        0  as608.o(i.JudgeStr)
    JudgeStr                                 0x08002415   Thumb Code    94  as608.o(i.JudgeStr)
    i.MX_GPIO_Init                           0x0800247c   Section        0  gpio.o(i.MX_GPIO_Init)
    i.MX_I2C1_Init                           0x08002510   Section        0  i2c.o(i.MX_I2C1_Init)
    i.MX_TIM3_Init                           0x08002550   Section        0  tim.o(i.MX_TIM3_Init)
    i.MX_USART1_UART_Init                    0x080025b8   Section        0  usart.o(i.MX_USART1_UART_Init)
    i.MX_USART2_UART_Init                    0x080025f0   Section        0  usart.o(i.MX_USART2_UART_Init)
    i.MX_USART3_UART_Init                    0x08002628   Section        0  usart.o(i.MX_USART3_UART_Init)
    i.MYUSART_SendData                       0x08002660   Section        0  as608.o(i.MYUSART_SendData)
    MYUSART_SendData                         0x08002661   Thumb Code    22  as608.o(i.MYUSART_SendData)
    i.MemManage_Handler                      0x0800267c   Section        0  stm32f1xx_it.o(i.MemManage_Handler)
    i.NMI_Handler                            0x0800267e   Section        0  stm32f1xx_it.o(i.NMI_Handler)
    i.OLED_CLS                               0x08002680   Section        0  oled.o(i.OLED_CLS)
    i.OLED_ClearGivenChar                    0x08002686   Section        0  oled.o(i.OLED_ClearGivenChar)
    i.OLED_Fill                              0x080026c0   Section        0  oled.o(i.OLED_Fill)
    i.OLED_Init                              0x080026f8   Section        0  oled.o(i.OLED_Init)
    i.OLED_SetPos                            0x080027b2   Section        0  oled.o(i.OLED_SetPos)
    i.OLED_ShowCN                            0x080027d8   Section        0  oled.o(i.OLED_ShowCN)
    i.OLED_ShowChar                          0x08002820   Section        0  oled.o(i.OLED_ShowChar)
    i.OLED_ShowNum                           0x080028a8   Section        0  oled.o(i.OLED_ShowNum)
    i.OLED_ShowStr                           0x08002914   Section        0  oled.o(i.OLED_ShowStr)
    i.PS_DeletChar                           0x080029ec   Section        0  as608.o(i.PS_DeletChar)
    i.PS_GenChar                             0x08002a4a   Section        0  as608.o(i.PS_GenChar)
    i.PS_GetImage                            0x08002a86   Section        0  as608.o(i.PS_GetImage)
    i.PS_HighSpeedSearch                     0x08002aba   Section        0  as608.o(i.PS_HighSpeedSearch)
    i.PS_Match                               0x08002b3e   Section        0  as608.o(i.PS_Match)
    i.PS_RegModel                            0x08002b72   Section        0  as608.o(i.PS_RegModel)
    i.PS_StaGPIO_Init                        0x08002ba8   Section        0  as608.o(i.PS_StaGPIO_Init)
    i.PS_StoreChar                           0x08002bdc   Section        0  as608.o(i.PS_StoreChar)
    i.PendSV_Handler                         0x08002c2e   Section        0  stm32f1xx_it.o(i.PendSV_Handler)
    i.SVC_Handler                            0x08002c30   Section        0  stm32f1xx_it.o(i.SVC_Handler)
    i.SYN_FrameInfo                          0x08002c34   Section        0  syn6288.o(i.SYN_FrameInfo)
    i.SendAddr                               0x08002cb0   Section        0  as608.o(i.SendAddr)
    SendAddr                                 0x08002cb1   Thumb Code    42  as608.o(i.SendAddr)
    i.SendCheck                              0x08002ce0   Section        0  as608.o(i.SendCheck)
    SendCheck                                0x08002ce1   Thumb Code    20  as608.o(i.SendCheck)
    i.SendHead                               0x08002cf4   Section        0  as608.o(i.SendHead)
    SendHead                                 0x08002cf5   Thumb Code    28  as608.o(i.SendHead)
    i.SendLength                             0x08002d14   Section        0  as608.o(i.SendLength)
    SendLength                               0x08002d15   Thumb Code    22  as608.o(i.SendLength)
    i.ShowErrMessage                         0x08002d2c   Section        0  as608.o(i.ShowErrMessage)
    i.Store_Init                             0x08002d48   Section        0  hhstore.o(i.Store_Init)
    i.Store_Save                             0x08002e3c   Section        0  hhstore.o(i.Store_Save)
    i.SysTick_Handler                        0x08002ecc   Section        0  stm32f1xx_it.o(i.SysTick_Handler)
    i.SystemClock_Config                     0x08002ed0   Section        0  main.o(i.SystemClock_Config)
    i.SystemInit                             0x08002f2e   Section        0  system_stm32f1xx.o(i.SystemInit)
    i.TIM3_IRQHandler                        0x08002f30   Section        0  stm32f1xx_it.o(i.TIM3_IRQHandler)
    i.TIM_Base_SetConfig                     0x08002f3c   Section        0  stm32f1xx_hal_tim.o(i.TIM_Base_SetConfig)
    i.TIM_ETR_SetConfig                      0x08002fa8   Section        0  stm32f1xx_hal_tim.o(i.TIM_ETR_SetConfig)
    i.TIM_ITRx_SetConfig                     0x08002fbc   Section        0  stm32f1xx_hal_tim.o(i.TIM_ITRx_SetConfig)
    TIM_ITRx_SetConfig                       0x08002fbd   Thumb Code    16  stm32f1xx_hal_tim.o(i.TIM_ITRx_SetConfig)
    i.TIM_TI1_ConfigInputStage               0x08002fcc   Section        0  stm32f1xx_hal_tim.o(i.TIM_TI1_ConfigInputStage)
    TIM_TI1_ConfigInputStage                 0x08002fcd   Thumb Code    34  stm32f1xx_hal_tim.o(i.TIM_TI1_ConfigInputStage)
    i.TIM_TI2_ConfigInputStage               0x08002fee   Section        0  stm32f1xx_hal_tim.o(i.TIM_TI2_ConfigInputStage)
    TIM_TI2_ConfigInputStage                 0x08002fef   Thumb Code    36  stm32f1xx_hal_tim.o(i.TIM_TI2_ConfigInputStage)
    i.UART_DMAAbortOnError                   0x08003012   Section        0  stm32f1xx_hal_uart.o(i.UART_DMAAbortOnError)
    UART_DMAAbortOnError                     0x08003013   Thumb Code    16  stm32f1xx_hal_uart.o(i.UART_DMAAbortOnError)
    i.UART_EndRxTransfer                     0x08003022   Section        0  stm32f1xx_hal_uart.o(i.UART_EndRxTransfer)
    UART_EndRxTransfer                       0x08003023   Thumb Code    78  stm32f1xx_hal_uart.o(i.UART_EndRxTransfer)
    i.UART_Receive_IT                        0x08003070   Section        0  stm32f1xx_hal_uart.o(i.UART_Receive_IT)
    UART_Receive_IT                          0x08003071   Thumb Code   194  stm32f1xx_hal_uart.o(i.UART_Receive_IT)
    i.UART_SetConfig                         0x08003134   Section        0  stm32f1xx_hal_uart.o(i.UART_SetConfig)
    UART_SetConfig                           0x08003135   Thumb Code   178  stm32f1xx_hal_uart.o(i.UART_SetConfig)
    i.UART_Start_Receive_IT                  0x080031ec   Section        0  stm32f1xx_hal_uart.o(i.UART_Start_Receive_IT)
    i.UART_WaitOnFlagUntilTimeout            0x08003222   Section        0  stm32f1xx_hal_uart.o(i.UART_WaitOnFlagUntilTimeout)
    UART_WaitOnFlagUntilTimeout              0x08003223   Thumb Code   120  stm32f1xx_hal_uart.o(i.UART_WaitOnFlagUntilTimeout)
    i.USART1_IRQHandler                      0x0800329c   Section        0  stm32f1xx_it.o(i.USART1_IRQHandler)
    i.USART2_IRQHandler                      0x080032a8   Section        0  stm32f1xx_it.o(i.USART2_IRQHandler)
    i.USART3_IRQHandler                      0x080032e4   Section        0  stm32f1xx_it.o(i.USART3_IRQHandler)
    i.Unlock_failed                          0x080032f0   Section        0  menu.o(i.Unlock_failed)
    i.Unlock_success                         0x08003394   Section        0  menu.o(i.Unlock_success)
    i.UsageFault_Handler                     0x080033e0   Section        0  stm32f1xx_it.o(i.UsageFault_Handler)
    i.WriteCmd                               0x080033e4   Section        0  oled.o(i.WriteCmd)
    i.WriteDat                               0x08003408   Section        0  oled.o(i.WriteDat)
    i.__0printf$5                            0x0800342c   Section        0  printf5.o(i.__0printf$5)
    i.__NVIC_SetPriority                     0x0800344c   Section        0  stm32f1xx_hal_cortex.o(i.__NVIC_SetPriority)
    __NVIC_SetPriority                       0x0800344d   Thumb Code    32  stm32f1xx_hal_cortex.o(i.__NVIC_SetPriority)
    i.__scatterload_copy                     0x0800346c   Section       14  handlers.o(i.__scatterload_copy)
    i.__scatterload_null                     0x0800347a   Section        2  handlers.o(i.__scatterload_null)
    i.__scatterload_zeroinit                 0x0800347c   Section       14  handlers.o(i.__scatterload_zeroinit)
    i._printf_core                           0x0800348c   Section        0  printf5.o(i._printf_core)
    _printf_core                             0x0800348d   Thumb Code   660  printf5.o(i._printf_core)
    i.add_fail                               0x0800374c   Section        0  menu.o(i.add_fail)
    i.add_figure                             0x0800377a   Section        0  menu.o(i.add_figure)
    i.add_success                            0x080037fc   Section        0  menu.o(i.add_success)
    i.admin_fail                             0x0800382a   Section        0  menu.o(i.admin_fail)
    i.admin_input                            0x08003894   Section        0  menu.o(i.admin_input)
    i.admin_judge                            0x0800391c   Section        0  menu.o(i.admin_judge)
    i.admin_menu                             0x080039c8   Section        0  menu.o(i.admin_menu)
    i.as608_init                             0x08003b50   Section        0  as608.o(i.as608_init)
    i.button4_4_Scan                         0x08003ba4   Section        0  key.o(i.button4_4_Scan)
    i.change_admin                           0x08003da0   Section        0  menu.o(i.change_admin)
    i.change_admin_fail_success              0x08003e3c   Section        0  menu.o(i.change_admin_fail_success)
    i.change_user                            0x08003e8c   Section        0  menu.o(i.change_user)
    i.change_user_fail_success               0x08003f20   Section        0  menu.o(i.change_user_fail_success)
    i.changed_admin_fail_view                0x08003f70   Section        0  menu.o(i.changed_admin_fail_view)
    i.changed_success_view                   0x08003fee   Section        0  menu.o(i.changed_success_view)
    i.changed_user_fail_view                 0x0800401c   Section        0  menu.o(i.changed_user_fail_view)
    i.delay_ms                               0x0800409a   Section        0  delay.o(i.delay_ms)
    i.delay_us                               0x080040b4   Section        0  delay.o(i.delay_us)
    i.delete_fail                            0x08004104   Section        0  menu.o(i.delete_fail)
    i.delete_figure                          0x08004174   Section        0  menu.o(i.delete_figure)
    i.delete_success                         0x08004240   Section        0  menu.o(i.delete_success)
    i.denglu_jduge                           0x08004270   Section        0  menu.o(i.denglu_jduge)
    i.figuer_empty                           0x0800430c   Section        0  menu.o(i.figuer_empty)
    i.figuer_fill                            0x0800436c   Section        0  menu.o(i.figuer_fill)
    i.forbid_admin                           0x080043dc   Section        0  menu.o(i.forbid_admin)
    i.forbid_user                            0x0800448c   Section        0  menu.o(i.forbid_user)
    i.fputc                                  0x08004514   Section        0  main.o(i.fputc)
    i.hhMyFLASH_ErasePage                    0x08004534   Section        0  hhstore.o(i.hhMyFLASH_ErasePage)
    i.key_display                            0x08004560   Section        0  menu.o(i.key_display)
    i.main                                   0x08005140   Section        0  main.o(i.main)
    i.main_menu                              0x0800522c   Section        0  menu.o(i.main_menu)
    i.oled_pow                               0x0800530a   Section        0  oled.o(i.oled_pow)
    i.press_FR                               0x0800531c   Section        0  as608.o(i.press_FR)
    i.usart1_disp                            0x08005440   Section        0  menu.o(i.usart1_disp)
    i.usart_disp                             0x08005488   Section        0  menu.o(i.usart_disp)
    i.view_display                           0x080055d8   Section        0  menu.o(i.view_display)
    .constdata                               0x08005668   Section       18  stm32f1xx_hal_rcc.o(.constdata)
    aPredivFactorTable                       0x08005668   Data           2  stm32f1xx_hal_rcc.o(.constdata)
    aPLLMULFactorTable                       0x0800566a   Data          16  stm32f1xx_hal_rcc.o(.constdata)
    .constdata                               0x0800567a   Section       16  system_stm32f1xx.o(.constdata)
    .constdata                               0x0800568a   Section        8  system_stm32f1xx.o(.constdata)
    .constdata                               0x08005692   Section     2088  oled.o(.constdata)
    .data                                    0x20000000   Section       12  stm32f1xx_hal.o(.data)
    .data                                    0x2000000c   Section        4  system_stm32f1xx.o(.data)
    .data                                    0x20000010   Section       18  as608.o(.data)
    .data                                    0x20000022   Section        2  as608.o(.data)
    .data                                    0x20000024   Section       30  hhstore.o(.data)
    .data                                    0x20000042   Section     2048  oled.o(.data)
    .data                                    0x20000844   Section       44  menu.o(.data)
    .data                                    0x20000870   Section        4  myusart.o(.data)
    .data                                    0x20000874   Section       28  timer.o(.data)
    .data                                    0x20000890   Section        4  stdout.o(.data)
    .bss                                     0x20000894   Section       84  i2c.o(.bss)
    .bss                                     0x200008e8   Section       72  tim.o(.bss)
    .bss                                     0x20000930   Section      216  usart.o(.bss)
    .bss                                     0x20000a08   Section       32  stm32f1xx_hal_flash.o(.bss)
    .bss                                     0x20000a28   Section      400  as608.o(.bss)
    .bss                                     0x20000bb8   Section       16  key.o(.bss)
    .bss                                     0x20000bc8   Section       48  menu.o(.bss)
    .bss                                     0x20000bf8   Section      510  myusart.o(.bss)
    STACK                                    0x20000df8   Section     1024  startup_stm32f103xb.o(STACK)

    Global Symbols

    Symbol Name                              Value     Ov Type        Size  Object(Section)

    BuildAttributes$$THM_ISAv4$P$D$K$B$S$PE$A:L22UL41UL21$X:L11$S22US41US21$IEEE1$IW$USESV6$~STKCKD$USESV7$~SHL$OSPACE$ROPI$EBA8$MICROLIB$REQ8$PRES8$EABIv2 0x00000000   Number         0  anon$$obj.o ABSOLUTE
    __ARM_use_no_argv                        0x00000000   Number         0  main.o ABSOLUTE
    _printf_a                                0x00000000   Number         0  stubs.o ABSOLUTE
    _printf_c                                0x00000000   Number         0  stubs.o ABSOLUTE
    _printf_charcount                        0x00000000   Number         0  stubs.o ABSOLUTE
    _printf_d                                0x00000000   Number         0  stubs.o ABSOLUTE
    _printf_e                                0x00000000   Number         0  stubs.o ABSOLUTE
    _printf_f                                0x00000000   Number         0  stubs.o ABSOLUTE
    _printf_flags                            0x00000000   Number         0  stubs.o ABSOLUTE
    _printf_fp_dec                           0x00000000   Number         0  stubs.o ABSOLUTE
    _printf_fp_hex                           0x00000000   Number         0  stubs.o ABSOLUTE
    _printf_g                                0x00000000   Number         0  stubs.o ABSOLUTE
    _printf_i                                0x00000000   Number         0  stubs.o ABSOLUTE
    _printf_int_dec                          0x00000000   Number         0  stubs.o ABSOLUTE
    _printf_l                                0x00000000   Number         0  stubs.o ABSOLUTE
    _printf_lc                               0x00000000   Number         0  stubs.o ABSOLUTE
    _printf_ll                               0x00000000   Number         0  stubs.o ABSOLUTE
    _printf_lld                              0x00000000   Number         0  stubs.o ABSOLUTE
    _printf_lli                              0x00000000   Number         0  stubs.o ABSOLUTE
    _printf_llo                              0x00000000   Number         0  stubs.o ABSOLUTE
    _printf_llu                              0x00000000   Number         0  stubs.o ABSOLUTE
    _printf_llx                              0x00000000   Number         0  stubs.o ABSOLUTE
    _printf_longlong_dec                     0x00000000   Number         0  stubs.o ABSOLUTE
    _printf_longlong_hex                     0x00000000   Number         0  stubs.o ABSOLUTE
    _printf_longlong_oct                     0x00000000   Number         0  stubs.o ABSOLUTE
    _printf_ls                               0x00000000   Number         0  stubs.o ABSOLUTE
    _printf_mbtowc                           0x00000000   Number         0  stubs.o ABSOLUTE
    _printf_n                                0x00000000   Number         0  stubs.o ABSOLUTE
    _printf_o                                0x00000000   Number         0  stubs.o ABSOLUTE
    _printf_p                                0x00000000   Number         0  stubs.o ABSOLUTE
    _printf_percent                          0x00000000   Number         0  stubs.o ABSOLUTE
    _printf_pre_padding                      0x00000000   Number         0  stubs.o ABSOLUTE
    _printf_return_value                     0x00000000   Number         0  stubs.o ABSOLUTE
    _printf_s                                0x00000000   Number         0  stubs.o ABSOLUTE
    _printf_sizespec                         0x00000000   Number         0  stubs.o ABSOLUTE
    _printf_str                              0x00000000   Number         0  stubs.o ABSOLUTE
    _printf_truncate_signed                  0x00000000   Number         0  stubs.o ABSOLUTE
    _printf_truncate_unsigned                0x00000000   Number         0  stubs.o ABSOLUTE
    _printf_u                                0x00000000   Number         0  stubs.o ABSOLUTE
    _printf_wc                               0x00000000   Number         0  stubs.o ABSOLUTE
    _printf_wctomb                           0x00000000   Number         0  stubs.o ABSOLUTE
    _printf_widthprec                        0x00000000   Number         0  stubs.o ABSOLUTE
    _printf_x                                0x00000000   Number         0  stubs.o ABSOLUTE
    __arm_fini_                               - Undefined Weak Reference
    __cpp_initialize__aeabi_                  - Undefined Weak Reference
    __cxa_finalize                            - Undefined Weak Reference
    _clock_init                               - Undefined Weak Reference
    _microlib_exit                            - Undefined Weak Reference
    __Vectors_Size                           0x000000ec   Number         0  startup_stm32f103xb.o ABSOLUTE
    __Vectors                                0x08000000   Data           4  startup_stm32f103xb.o(RESET)
    __Vectors_End                            0x080000ec   Data           0  startup_stm32f103xb.o(RESET)
    __main                                   0x080000ed   Thumb Code     0  entry.o(.ARM.Collect$$$$00000000)
    _main_stk                                0x080000ed   Thumb Code     0  entry2.o(.ARM.Collect$$$$00000001)
    _main_scatterload                        0x080000f1   Thumb Code     0  entry5.o(.ARM.Collect$$$$00000004)
    __main_after_scatterload                 0x080000f5   Thumb Code     0  entry5.o(.ARM.Collect$$$$00000004)
    _main_clock                              0x080000f5   Thumb Code     0  entry7b.o(.ARM.Collect$$$$00000008)
    _main_cpp_init                           0x080000f5   Thumb Code     0  entry8b.o(.ARM.Collect$$$$0000000A)
    _main_init                               0x080000f5   Thumb Code     0  entry9a.o(.ARM.Collect$$$$0000000B)
    __rt_lib_shutdown_fini                   0x080000fd   Thumb Code     0  entry12b.o(.ARM.Collect$$$$0000000E)
    __rt_final_cpp                           0x08000101   Thumb Code     0  entry10a.o(.ARM.Collect$$$$0000000F)
    __rt_final_exit                          0x08000101   Thumb Code     0  entry11a.o(.ARM.Collect$$$$00000011)
    Reset_Handler                            0x08000105   Thumb Code     8  startup_stm32f103xb.o(.text)
    ADC1_2_IRQHandler                        0x0800011f   Thumb Code     0  startup_stm32f103xb.o(.text)
    CAN1_RX1_IRQHandler                      0x0800011f   Thumb Code     0  startup_stm32f103xb.o(.text)
    CAN1_SCE_IRQHandler                      0x0800011f   Thumb Code     0  startup_stm32f103xb.o(.text)
    DMA1_Channel1_IRQHandler                 0x0800011f   Thumb Code     0  startup_stm32f103xb.o(.text)
    DMA1_Channel2_IRQHandler                 0x0800011f   Thumb Code     0  startup_stm32f103xb.o(.text)
    DMA1_Channel3_IRQHandler                 0x0800011f   Thumb Code     0  startup_stm32f103xb.o(.text)
    DMA1_Channel4_IRQHandler                 0x0800011f   Thumb Code     0  startup_stm32f103xb.o(.text)
    DMA1_Channel5_IRQHandler                 0x0800011f   Thumb Code     0  startup_stm32f103xb.o(.text)
    DMA1_Channel6_IRQHandler                 0x0800011f   Thumb Code     0  startup_stm32f103xb.o(.text)
    DMA1_Channel7_IRQHandler                 0x0800011f   Thumb Code     0  startup_stm32f103xb.o(.text)
    EXTI0_IRQHandler                         0x0800011f   Thumb Code     0  startup_stm32f103xb.o(.text)
    EXTI15_10_IRQHandler                     0x0800011f   Thumb Code     0  startup_stm32f103xb.o(.text)
    EXTI1_IRQHandler                         0x0800011f   Thumb Code     0  startup_stm32f103xb.o(.text)
    EXTI2_IRQHandler                         0x0800011f   Thumb Code     0  startup_stm32f103xb.o(.text)
    EXTI3_IRQHandler                         0x0800011f   Thumb Code     0  startup_stm32f103xb.o(.text)
    EXTI4_IRQHandler                         0x0800011f   Thumb Code     0  startup_stm32f103xb.o(.text)
    EXTI9_5_IRQHandler                       0x0800011f   Thumb Code     0  startup_stm32f103xb.o(.text)
    FLASH_IRQHandler                         0x0800011f   Thumb Code     0  startup_stm32f103xb.o(.text)
    I2C1_ER_IRQHandler                       0x0800011f   Thumb Code     0  startup_stm32f103xb.o(.text)
    I2C1_EV_IRQHandler                       0x0800011f   Thumb Code     0  startup_stm32f103xb.o(.text)
    I2C2_ER_IRQHandler                       0x0800011f   Thumb Code     0  startup_stm32f103xb.o(.text)
    I2C2_EV_IRQHandler                       0x0800011f   Thumb Code     0  startup_stm32f103xb.o(.text)
    PVD_IRQHandler                           0x0800011f   Thumb Code     0  startup_stm32f103xb.o(.text)
    RCC_IRQHandler                           0x0800011f   Thumb Code     0  startup_stm32f103xb.o(.text)
    RTC_Alarm_IRQHandler                     0x0800011f   Thumb Code     0  startup_stm32f103xb.o(.text)
    RTC_IRQHandler                           0x0800011f   Thumb Code     0  startup_stm32f103xb.o(.text)
    SPI1_IRQHandler                          0x0800011f   Thumb Code     0  startup_stm32f103xb.o(.text)
    SPI2_IRQHandler                          0x0800011f   Thumb Code     0  startup_stm32f103xb.o(.text)
    TAMPER_IRQHandler                        0x0800011f   Thumb Code     0  startup_stm32f103xb.o(.text)
    TIM1_BRK_IRQHandler                      0x0800011f   Thumb Code     0  startup_stm32f103xb.o(.text)
    TIM1_CC_IRQHandler                       0x0800011f   Thumb Code     0  startup_stm32f103xb.o(.text)
    TIM1_TRG_COM_IRQHandler                  0x0800011f   Thumb Code     0  startup_stm32f103xb.o(.text)
    TIM1_UP_IRQHandler                       0x0800011f   Thumb Code     0  startup_stm32f103xb.o(.text)
    TIM2_IRQHandler                          0x0800011f   Thumb Code     0  startup_stm32f103xb.o(.text)
    TIM4_IRQHandler                          0x0800011f   Thumb Code     0  startup_stm32f103xb.o(.text)
    USBWakeUp_IRQHandler                     0x0800011f   Thumb Code     0  startup_stm32f103xb.o(.text)
    USB_HP_CAN1_TX_IRQHandler                0x0800011f   Thumb Code     0  startup_stm32f103xb.o(.text)
    USB_LP_CAN1_RX0_IRQHandler               0x0800011f   Thumb Code     0  startup_stm32f103xb.o(.text)
    WWDG_IRQHandler                          0x0800011f   Thumb Code     0  startup_stm32f103xb.o(.text)
    __aeabi_llsr                             0x08000129   Thumb Code    32  llushr.o(.text)
    _ll_ushift_r                             0x08000129   Thumb Code     0  llushr.o(.text)
    __aeabi_memcpy                           0x08000149   Thumb Code    36  memcpya.o(.text)
    __aeabi_memcpy4                          0x08000149   Thumb Code     0  memcpya.o(.text)
    __aeabi_memcpy8                          0x08000149   Thumb Code     0  memcpya.o(.text)
    __aeabi_memset                           0x0800016d   Thumb Code    14  memseta.o(.text)
    __aeabi_memset4                          0x0800016d   Thumb Code     0  memseta.o(.text)
    __aeabi_memset8                          0x0800016d   Thumb Code     0  memseta.o(.text)
    __aeabi_memclr                           0x0800017b   Thumb Code     4  memseta.o(.text)
    __aeabi_memclr4                          0x0800017b   Thumb Code     0  memseta.o(.text)
    __aeabi_memclr8                          0x0800017b   Thumb Code     0  memseta.o(.text)
    _memset$wrapper                          0x0800017f   Thumb Code    18  memseta.o(.text)
    strstr                                   0x08000191   Thumb Code    36  strstr.o(.text)
    strlen                                   0x080001b5   Thumb Code    14  strlen.o(.text)
    memcmp                                   0x080001c3   Thumb Code    26  memcmp.o(.text)
    __aeabi_uldivmod                         0x080001dd   Thumb Code    98  uldiv.o(.text)
    __scatterload                            0x08000241   Thumb Code    28  init.o(.text)
    __scatterload_rt2                        0x08000241   Thumb Code     0  init.o(.text)
    __aeabi_llsl                             0x08000265   Thumb Code    30  llshl.o(.text)
    _ll_shift_l                              0x08000265   Thumb Code     0  llshl.o(.text)
    __decompress                             0x08000283   Thumb Code     0  __dclz77c.o(.text)
    __decompress2                            0x08000283   Thumb Code    94  __dclz77c.o(.text)
    Add_FR                                   0x080002e1   Thumb Code   396  as608.o(i.Add_FR)
    BusFault_Handler                         0x08000549   Thumb Code     2  stm32f1xx_it.o(i.BusFault_Handler)
    DebugMon_Handler                         0x0800054b   Thumb Code     2  stm32f1xx_it.o(i.DebugMon_Handler)
    Del_FR                                   0x0800054d   Thumb Code   156  as608.o(i.Del_FR)
    EnsureMessage                            0x0800067d   Thumb Code   130  as608.o(i.EnsureMessage)
    Error_Handler                            0x080008b9   Thumb Code     4  main.o(i.Error_Handler)
    FLASH_PageErase                          0x080008e1   Thumb Code    28  stm32f1xx_hal_flash_ex.o(i.FLASH_PageErase)
    FLASH_WaitForLastOperation               0x0800097d   Thumb Code    80  stm32f1xx_hal_flash.o(i.FLASH_WaitForLastOperation)
    Figure                                   0x080009d1   Thumb Code    20  menu.o(i.Figure)
    HAL_DMA_Abort                            0x080009e5   Thumb Code    70  stm32f1xx_hal_dma.o(i.HAL_DMA_Abort)
    HAL_DMA_Abort_IT                         0x08000a2d   Thumb Code   148  stm32f1xx_hal_dma.o(i.HAL_DMA_Abort_IT)
    HAL_Delay                                0x08000ac5   Thumb Code    32  stm32f1xx_hal.o(i.HAL_Delay)
    HAL_FLASHEx_Erase                        0x08000ae9   Thumb Code   160  stm32f1xx_hal_flash_ex.o(i.HAL_FLASHEx_Erase)
    HAL_FLASH_Lock                           0x08000b91   Thumb Code    14  stm32f1xx_hal_flash.o(i.HAL_FLASH_Lock)
    HAL_FLASH_Program                        0x08000ba5   Thumb Code   120  stm32f1xx_hal_flash.o(i.HAL_FLASH_Program)
    HAL_FLASH_Unlock                         0x08000c25   Thumb Code    28  stm32f1xx_hal_flash.o(i.HAL_FLASH_Unlock)
    HAL_GPIO_Init                            0x08000c4d   Thumb Code   446  stm32f1xx_hal_gpio.o(i.HAL_GPIO_Init)
    HAL_GPIO_ReadPin                         0x08000e2d   Thumb Code    10  stm32f1xx_hal_gpio.o(i.HAL_GPIO_ReadPin)
    HAL_GPIO_WritePin                        0x08000e37   Thumb Code    10  stm32f1xx_hal_gpio.o(i.HAL_GPIO_WritePin)
    HAL_GetTick                              0x08000e41   Thumb Code     6  stm32f1xx_hal.o(i.HAL_GetTick)
    HAL_I2C_Init                             0x08000e4d   Thumb Code   376  stm32f1xx_hal_i2c.o(i.HAL_I2C_Init)
    HAL_I2C_Mem_Write                        0x08000fd5   Thumb Code   294  stm32f1xx_hal_i2c.o(i.HAL_I2C_Mem_Write)
    HAL_I2C_MspInit                          0x08001105   Thumb Code    80  i2c.o(i.HAL_I2C_MspInit)
    HAL_IncTick                              0x08001161   Thumb Code    12  stm32f1xx_hal.o(i.HAL_IncTick)
    HAL_Init                                 0x08001171   Thumb Code    32  stm32f1xx_hal.o(i.HAL_Init)
    HAL_InitTick                             0x08001195   Thumb Code    54  stm32f1xx_hal.o(i.HAL_InitTick)
    HAL_MspInit                              0x080011d5   Thumb Code    52  stm32f1xx_hal_msp.o(i.HAL_MspInit)
    HAL_NVIC_EnableIRQ                       0x08001211   Thumb Code    26  stm32f1xx_hal_cortex.o(i.HAL_NVIC_EnableIRQ)
    HAL_NVIC_SetPriority                     0x0800122d   Thumb Code    60  stm32f1xx_hal_cortex.o(i.HAL_NVIC_SetPriority)
    HAL_NVIC_SetPriorityGrouping             0x0800126d   Thumb Code    26  stm32f1xx_hal_cortex.o(i.HAL_NVIC_SetPriorityGrouping)
    HAL_RCC_ClockConfig                      0x08001291   Thumb Code   280  stm32f1xx_hal_rcc.o(i.HAL_RCC_ClockConfig)
    HAL_RCC_GetPCLK1Freq                     0x080013bd   Thumb Code    20  stm32f1xx_hal_rcc.o(i.HAL_RCC_GetPCLK1Freq)
    HAL_RCC_GetPCLK2Freq                     0x080013dd   Thumb Code    20  stm32f1xx_hal_rcc.o(i.HAL_RCC_GetPCLK2Freq)
    HAL_RCC_GetSysClockFreq                  0x080013fd   Thumb Code    58  stm32f1xx_hal_rcc.o(i.HAL_RCC_GetSysClockFreq)
    HAL_RCC_OscConfig                        0x08001449   Thumb Code   778  stm32f1xx_hal_rcc.o(i.HAL_RCC_OscConfig)
    HAL_SYSTICK_Config                       0x08001769   Thumb Code    40  stm32f1xx_hal_cortex.o(i.HAL_SYSTICK_Config)
    HAL_TIMEx_BreakCallback                  0x08001791   Thumb Code     2  stm32f1xx_hal_tim_ex.o(i.HAL_TIMEx_BreakCallback)
    HAL_TIMEx_CommutCallback                 0x08001793   Thumb Code     2  stm32f1xx_hal_tim_ex.o(i.HAL_TIMEx_CommutCallback)
    HAL_TIMEx_MasterConfigSynchronization    0x08001795   Thumb Code    92  stm32f1xx_hal_tim_ex.o(i.HAL_TIMEx_MasterConfigSynchronization)
    HAL_TIM_Base_Init                        0x080017fd   Thumb Code    90  stm32f1xx_hal_tim.o(i.HAL_TIM_Base_Init)
    HAL_TIM_Base_MspInit                     0x08001859   Thumb Code    50  tim.o(i.HAL_TIM_Base_MspInit)
    HAL_TIM_Base_Start_IT                    0x08001895   Thumb Code    76  stm32f1xx_hal_tim.o(i.HAL_TIM_Base_Start_IT)
    HAL_TIM_ConfigClockSource                0x080018ed   Thumb Code   220  stm32f1xx_hal_tim.o(i.HAL_TIM_ConfigClockSource)
    HAL_TIM_IC_CaptureCallback               0x080019c9   Thumb Code     2  stm32f1xx_hal_tim.o(i.HAL_TIM_IC_CaptureCallback)
    HAL_TIM_IRQHandler                       0x080019cb   Thumb Code   358  stm32f1xx_hal_tim.o(i.HAL_TIM_IRQHandler)
    HAL_TIM_OC_DelayElapsedCallback          0x08001b31   Thumb Code     2  stm32f1xx_hal_tim.o(i.HAL_TIM_OC_DelayElapsedCallback)
    HAL_TIM_PWM_PulseFinishedCallback        0x08001b33   Thumb Code     2  stm32f1xx_hal_tim.o(i.HAL_TIM_PWM_PulseFinishedCallback)
    HAL_TIM_PeriodElapsedCallback            0x08001b35   Thumb Code   174  timer.o(i.HAL_TIM_PeriodElapsedCallback)
    HAL_TIM_TriggerCallback                  0x08001c0d   Thumb Code     2  stm32f1xx_hal_tim.o(i.HAL_TIM_TriggerCallback)
    HAL_UARTEx_RxEventCallback               0x08001c0f   Thumb Code     2  stm32f1xx_hal_uart.o(i.HAL_UARTEx_RxEventCallback)
    HAL_UART_ErrorCallback                   0x08001c11   Thumb Code     2  stm32f1xx_hal_uart.o(i.HAL_UART_ErrorCallback)
    HAL_UART_IRQHandler                      0x08001c15   Thumb Code   616  stm32f1xx_hal_uart.o(i.HAL_UART_IRQHandler)
    HAL_UART_Init                            0x08001e81   Thumb Code   100  stm32f1xx_hal_uart.o(i.HAL_UART_Init)
    HAL_UART_MspInit                         0x08001ee5   Thumb Code   282  usart.o(i.HAL_UART_MspInit)
    HAL_UART_Receive_IT                      0x08002019   Thumb Code    28  stm32f1xx_hal_uart.o(i.HAL_UART_Receive_IT)
    HAL_UART_RxCpltCallback                  0x08002035   Thumb Code    76  myusart.o(i.HAL_UART_RxCpltCallback)
    HAL_UART_Transmit                        0x08002099   Thumb Code   154  stm32f1xx_hal_uart.o(i.HAL_UART_Transmit)
    HAL_UART_TxCpltCallback                  0x08002133   Thumb Code     2  stm32f1xx_hal_uart.o(i.HAL_UART_TxCpltCallback)
    HardFault_Handler                        0x08002135   Thumb Code     2  stm32f1xx_it.o(i.HardFault_Handler)
    IsModuleWakingUp1                        0x08002409   Thumb Code     8  as608.o(i.IsModuleWakingUp1)
    MX_GPIO_Init                             0x0800247d   Thumb Code   134  gpio.o(i.MX_GPIO_Init)
    MX_I2C1_Init                             0x08002511   Thumb Code    50  i2c.o(i.MX_I2C1_Init)
    MX_TIM3_Init                             0x08002551   Thumb Code    96  tim.o(i.MX_TIM3_Init)
    MX_USART1_UART_Init                      0x080025b9   Thumb Code    48  usart.o(i.MX_USART1_UART_Init)
    MX_USART2_UART_Init                      0x080025f1   Thumb Code    48  usart.o(i.MX_USART2_UART_Init)
    MX_USART3_UART_Init                      0x08002629   Thumb Code    48  usart.o(i.MX_USART3_UART_Init)
    MemManage_Handler                        0x0800267d   Thumb Code     2  stm32f1xx_it.o(i.MemManage_Handler)
    NMI_Handler                              0x0800267f   Thumb Code     2  stm32f1xx_it.o(i.NMI_Handler)
    OLED_CLS                                 0x08002681   Thumb Code     6  oled.o(i.OLED_CLS)
    OLED_ClearGivenChar                      0x08002687   Thumb Code    56  oled.o(i.OLED_ClearGivenChar)
    OLED_Fill                                0x080026c1   Thumb Code    56  oled.o(i.OLED_Fill)
    OLED_Init                                0x080026f9   Thumb Code   186  oled.o(i.OLED_Init)
    OLED_SetPos                              0x080027b3   Thumb Code    38  oled.o(i.OLED_SetPos)
    OLED_ShowCN                              0x080027d9   Thumb Code    66  oled.o(i.OLED_ShowCN)
    OLED_ShowChar                            0x08002821   Thumb Code   126  oled.o(i.OLED_ShowChar)
    OLED_ShowNum                             0x080028a9   Thumb Code   106  oled.o(i.OLED_ShowNum)
    OLED_ShowStr                             0x08002915   Thumb Code   208  oled.o(i.OLED_ShowStr)
    PS_DeletChar                             0x080029ed   Thumb Code    94  as608.o(i.PS_DeletChar)
    PS_GenChar                               0x08002a4b   Thumb Code    60  as608.o(i.PS_GenChar)
    PS_GetImage                              0x08002a87   Thumb Code    52  as608.o(i.PS_GetImage)
    PS_HighSpeedSearch                       0x08002abb   Thumb Code   132  as608.o(i.PS_HighSpeedSearch)
    PS_Match                                 0x08002b3f   Thumb Code    52  as608.o(i.PS_Match)
    PS_RegModel                              0x08002b73   Thumb Code    52  as608.o(i.PS_RegModel)
    PS_StaGPIO_Init                          0x08002ba9   Thumb Code    44  as608.o(i.PS_StaGPIO_Init)
    PS_StoreChar                             0x08002bdd   Thumb Code    82  as608.o(i.PS_StoreChar)
    PendSV_Handler                           0x08002c2f   Thumb Code     2  stm32f1xx_it.o(i.PendSV_Handler)
    SVC_Handler                              0x08002c31   Thumb Code     2  stm32f1xx_it.o(i.SVC_Handler)
    SYN_FrameInfo                            0x08002c35   Thumb Code   118  syn6288.o(i.SYN_FrameInfo)
    ShowErrMessage                           0x08002d2d   Thumb Code    18  as608.o(i.ShowErrMessage)
    Store_Init                               0x08002d49   Thumb Code   230  hhstore.o(i.Store_Init)
    Store_Save                               0x08002e3d   Thumb Code   132  hhstore.o(i.Store_Save)
    SysTick_Handler                          0x08002ecd   Thumb Code     4  stm32f1xx_it.o(i.SysTick_Handler)
    SystemClock_Config                       0x08002ed1   Thumb Code    94  main.o(i.SystemClock_Config)
    SystemInit                               0x08002f2f   Thumb Code     2  system_stm32f1xx.o(i.SystemInit)
    TIM3_IRQHandler                          0x08002f31   Thumb Code     6  stm32f1xx_it.o(i.TIM3_IRQHandler)
    TIM_Base_SetConfig                       0x08002f3d   Thumb Code    94  stm32f1xx_hal_tim.o(i.TIM_Base_SetConfig)
    TIM_ETR_SetConfig                        0x08002fa9   Thumb Code    20  stm32f1xx_hal_tim.o(i.TIM_ETR_SetConfig)
    UART_Start_Receive_IT                    0x080031ed   Thumb Code    54  stm32f1xx_hal_uart.o(i.UART_Start_Receive_IT)
    USART1_IRQHandler                        0x0800329d   Thumb Code     6  stm32f1xx_it.o(i.USART1_IRQHandler)
    USART2_IRQHandler                        0x080032a9   Thumb Code    48  stm32f1xx_it.o(i.USART2_IRQHandler)
    USART3_IRQHandler                        0x080032e5   Thumb Code     6  stm32f1xx_it.o(i.USART3_IRQHandler)
    Unlock_failed                            0x080032f1   Thumb Code   160  menu.o(i.Unlock_failed)
    Unlock_success                           0x08003395   Thumb Code    72  menu.o(i.Unlock_success)
    UsageFault_Handler                       0x080033e1   Thumb Code     2  stm32f1xx_it.o(i.UsageFault_Handler)
    WriteCmd                                 0x080033e5   Thumb Code    30  oled.o(i.WriteCmd)
    WriteDat                                 0x08003409   Thumb Code    30  oled.o(i.WriteDat)
    __0printf$5                              0x0800342d   Thumb Code    22  printf5.o(i.__0printf$5)
    __1printf$5                              0x0800342d   Thumb Code     0  printf5.o(i.__0printf$5)
    __2printf                                0x0800342d   Thumb Code     0  printf5.o(i.__0printf$5)
    __scatterload_copy                       0x0800346d   Thumb Code    14  handlers.o(i.__scatterload_copy)
    __scatterload_null                       0x0800347b   Thumb Code     2  handlers.o(i.__scatterload_null)
    __scatterload_zeroinit                   0x0800347d   Thumb Code    14  handlers.o(i.__scatterload_zeroinit)
    add_fail                                 0x0800374d   Thumb Code    46  menu.o(i.add_fail)
    add_figure                               0x0800377b   Thumb Code   130  menu.o(i.add_figure)
    add_success                              0x080037fd   Thumb Code    46  menu.o(i.add_success)
    admin_fail                               0x0800382b   Thumb Code   106  menu.o(i.admin_fail)
    admin_input                              0x08003895   Thumb Code   136  menu.o(i.admin_input)
    admin_judge                              0x0800391d   Thumb Code   104  menu.o(i.admin_judge)
    admin_menu                               0x080039c9   Thumb Code   382  menu.o(i.admin_menu)
    as608_init                               0x08003b51   Thumb Code    72  as608.o(i.as608_init)
    button4_4_Scan                           0x08003ba5   Thumb Code   494  key.o(i.button4_4_Scan)
    change_admin                             0x08003da1   Thumb Code   156  menu.o(i.change_admin)
    change_admin_fail_success                0x08003e3d   Thumb Code    68  menu.o(i.change_admin_fail_success)
    change_user                              0x08003e8d   Thumb Code   146  menu.o(i.change_user)
    change_user_fail_success                 0x08003f21   Thumb Code    68  menu.o(i.change_user_fail_success)
    changed_admin_fail_view                  0x08003f71   Thumb Code   126  menu.o(i.changed_admin_fail_view)
    changed_success_view                     0x08003fef   Thumb Code    46  menu.o(i.changed_success_view)
    changed_user_fail_view                   0x0800401d   Thumb Code   126  menu.o(i.changed_user_fail_view)
    delay_ms                                 0x0800409b   Thumb Code    26  delay.o(i.delay_ms)
    delay_us                                 0x080040b5   Thumb Code    74  delay.o(i.delay_us)
    delete_fail                              0x08004105   Thumb Code   108  menu.o(i.delete_fail)
    delete_figure                            0x08004175   Thumb Code   200  menu.o(i.delete_figure)
    delete_success                           0x08004241   Thumb Code    46  menu.o(i.delete_success)
    denglu_jduge                             0x08004271   Thumb Code    96  menu.o(i.denglu_jduge)
    figuer_empty                             0x0800430d   Thumb Code    96  menu.o(i.figuer_empty)
    figuer_fill                              0x0800436d   Thumb Code   112  menu.o(i.figuer_fill)
    forbid_admin                             0x080043dd   Thumb Code   172  menu.o(i.forbid_admin)
    forbid_user                              0x0800448d   Thumb Code   132  menu.o(i.forbid_user)
    fputc                                    0x08004515   Thumb Code    26  main.o(i.fputc)
    hhMyFLASH_ErasePage                      0x08004535   Thumb Code    44  hhstore.o(i.hhMyFLASH_ErasePage)
    key_display                              0x08004561   Thumb Code  3034  menu.o(i.key_display)
    main                                     0x08005141   Thumb Code   132  main.o(i.main)
    main_menu                                0x0800522d   Thumb Code   222  menu.o(i.main_menu)
    oled_pow                                 0x0800530b   Thumb Code    16  oled.o(i.oled_pow)
    press_FR                                 0x0800531d   Thumb Code   150  as608.o(i.press_FR)
    usart1_disp                              0x08005441   Thumb Code    42  menu.o(i.usart1_disp)
    usart_disp                               0x08005489   Thumb Code   238  menu.o(i.usart_disp)
    view_display                             0x080055d9   Thumb Code   136  menu.o(i.view_display)
    AHBPrescTable                            0x0800567a   Data          16  system_stm32f1xx.o(.constdata)
    APBPrescTable                            0x0800568a   Data           8  system_stm32f1xx.o(.constdata)
    F6x8                                     0x08005692   Data         552  oled.o(.constdata)
    F8X16                                    0x080058ba   Data        1536  oled.o(.constdata)
    Region$$Table$$Base                      0x08005ebc   Number         0  anon$$obj.o(Region$$Table)
    Region$$Table$$Limit                     0x08005edc   Number         0  anon$$obj.o(Region$$Table)
    uwTickFreq                               0x20000000   Data           1  stm32f1xx_hal.o(.data)
    uwTickPrio                               0x20000004   Data           4  stm32f1xx_hal.o(.data)
    uwTick                                   0x20000008   Data           4  stm32f1xx_hal.o(.data)
    SystemCoreClock                          0x2000000c   Data           4  system_stm32f1xx.o(.data)
    AS608_RX_STA                             0x20000010   Data           1  as608.o(.data)
    ID_NUM_store                             0x20000012   Data           2  as608.o(.data)
    AS608Addr                                0x20000014   Data           4  as608.o(.data)
    Get_Device_Code                          0x20000018   Data          10  as608.o(.data)
    ID_NUM_delete                            0x20000022   Data           2  as608.o(.data)
    Store_Id                                 0x20000024   Data           6  hhstore.o(.data)
    Store_Data                               0x2000002a   Data          12  hhstore.o(.data)
    Store_Admin                              0x20000036   Data          12  hhstore.o(.data)
    F16x16                                   0x20000042   Data        2048  oled.o(.data)
    user_flag                                0x20000844   Data           1  menu.o(.data)
    admin_flag                               0x20000845   Data           1  menu.o(.data)
    line_flag                                0x20000846   Data           1  menu.o(.data)
    figure_flag                              0x20000847   Data           1  menu.o(.data)
    view                                     0x20000848   Data           1  menu.o(.data)
    key_user_count                           0x20000849   Data           1  menu.o(.data)
    key_user_flag                            0x2000084a   Data           1  menu.o(.data)
    key_user_flag0                           0x2000084b   Data           1  menu.o(.data)
    key_admin_count                          0x2000084c   Data           1  menu.o(.data)
    key_admin_flag                           0x2000084d   Data           1  menu.o(.data)
    key_admin_flag0                          0x2000084e   Data           1  menu.o(.data)
    figuer_count                             0x2000084f   Data           1  menu.o(.data)
    keep_menu                                0x20000850   Data           1  menu.o(.data)
    admin_index                              0x20000852   Data           2  menu.o(.data)
    user_index                               0x20000854   Data           2  menu.o(.data)
    k                                        0x20000858   Data           4  menu.o(.data)
    k_admin                                  0x2000085c   Data           4  menu.o(.data)
    add_flag                                 0x20000860   Data           4  menu.o(.data)
    keynum                                   0x20000864   Data           4  menu.o(.data)
    uwTick_view                              0x20000868   Data           4  menu.o(.data)
    uwTick_key                               0x2000086c   Data           4  menu.o(.data)
    uart2_rx_len                             0x20000870   Data           1  myusart.o(.data)
    uart1_rx_len                             0x20000871   Data           1  myusart.o(.data)
    receive_dat                              0x20000872   Data           1  myusart.o(.data)
    receive_dat1                             0x20000873   Data           1  myusart.o(.data)
    long_view                                0x20000874   Data           1  timer.o(.data)
    keep_sec                                 0x20000878   Data           4  timer.o(.data)
    figuer_keep                              0x2000087c   Data           4  timer.o(.data)
    key_user_sec                             0x20000880   Data           4  timer.o(.data)
    sec1                                     0x20000884   Data           4  timer.o(.data)
    key_admin_sec                            0x20000888   Data           4  timer.o(.data)
    sec2                                     0x2000088c   Data           4  timer.o(.data)
    __stdout                                 0x20000890   Data           4  stdout.o(.data)
    hi2c1                                    0x20000894   Data          84  i2c.o(.bss)
    htim3                                    0x200008e8   Data          72  tim.o(.bss)
    huart1                                   0x20000930   Data          72  usart.o(.bss)
    huart2                                   0x20000978   Data          72  usart.o(.bss)
    huart3                                   0x200009c0   Data          72  usart.o(.bss)
    pFlash                                   0x20000a08   Data          32  stm32f1xx_hal_flash.o(.bss)
    AS608_RX_BUF                             0x20000a28   Data         400  as608.o(.bss)
    KeySignal                                0x20000bb8   Data          16  key.o(.bss)
    input_user_password                      0x20000bc8   Data          12  menu.o(.bss)
    input_admin_password                     0x20000bd4   Data          12  menu.o(.bss)
    admin_data                               0x20000be0   Data          12  menu.o(.bss)
    user_data                                0x20000bec   Data          12  menu.o(.bss)
    uart2_rx_buf                             0x20000bf8   Data         255  myusart.o(.bss)
    uart1_rx_buf                             0x20000cf7   Data         255  myusart.o(.bss)
    __initial_sp                             0x200011f8   Data           0  startup_stm32f103xb.o(STACK)



==============================================================================

Memory Map of the image

  Image Entry point : 0x080000ed

  Load Region LR_IROM1 (Base: 0x08000000, Size: 0x00006770, Max: 0x00010000, ABSOLUTE, COMPRESSED[0x000064d8])

    Execution Region ER_IROM1 (Exec base: 0x08000000, Load base: 0x08000000, Size: 0x00005edc, Max: 0x00010000, ABSOLUTE)

    Exec Addr    Load Addr    Size         Type   Attr      Idx    E Section Name        Object

    0x08000000   0x08000000   0x000000ec   Data   RO            3    RESET               startup_stm32f103xb.o
    0x080000ec   0x080000ec   0x00000000   Code   RO         4211  * .ARM.Collect$$$$00000000  mc_w.l(entry.o)
    0x080000ec   0x080000ec   0x00000004   Code   RO         4489    .ARM.Collect$$$$00000001  mc_w.l(entry2.o)
    0x080000f0   0x080000f0   0x00000004   Code   RO         4492    .ARM.Collect$$$$00000004  mc_w.l(entry5.o)
    0x080000f4   0x080000f4   0x00000000   Code   RO         4494    .ARM.Collect$$$$00000008  mc_w.l(entry7b.o)
    0x080000f4   0x080000f4   0x00000000   Code   RO         4496    .ARM.Collect$$$$0000000A  mc_w.l(entry8b.o)
    0x080000f4   0x080000f4   0x00000008   Code   RO         4497    .ARM.Collect$$$$0000000B  mc_w.l(entry9a.o)
    0x080000fc   0x080000fc   0x00000004   Code   RO         4504    .ARM.Collect$$$$0000000E  mc_w.l(entry12b.o)
    0x08000100   0x08000100   0x00000000   Code   RO         4499    .ARM.Collect$$$$0000000F  mc_w.l(entry10a.o)
    0x08000100   0x08000100   0x00000000   Code   RO         4501    .ARM.Collect$$$$00000011  mc_w.l(entry11a.o)
    0x08000100   0x08000100   0x00000004   Code   RO         4490    .ARM.Collect$$$$00002712  mc_w.l(entry2.o)
    0x08000104   0x08000104   0x00000024   Code   RO            4    .text               startup_stm32f103xb.o
    0x08000128   0x08000128   0x00000020   Code   RO         4214    .text               mc_w.l(llushr.o)
    0x08000148   0x08000148   0x00000024   Code   RO         4216    .text               mc_w.l(memcpya.o)
    0x0800016c   0x0800016c   0x00000024   Code   RO         4218    .text               mc_w.l(memseta.o)
    0x08000190   0x08000190   0x00000024   Code   RO         4220    .text               mc_w.l(strstr.o)
    0x080001b4   0x080001b4   0x0000000e   Code   RO         4222    .text               mc_w.l(strlen.o)
    0x080001c2   0x080001c2   0x0000001a   Code   RO         4224    .text               mc_w.l(memcmp.o)
    0x080001dc   0x080001dc   0x00000062   Code   RO         4508    .text               mc_w.l(uldiv.o)
    0x0800023e   0x0800023e   0x00000002   PAD
    0x08000240   0x08000240   0x00000024   Code   RO         4521    .text               mc_w.l(init.o)
    0x08000264   0x08000264   0x0000001e   Code   RO         4523    .text               mc_w.l(llshl.o)
    0x08000282   0x08000282   0x0000005e   Code   RO         4537    .text               mc_w.l(__dclz77c.o)
    0x080002e0   0x080002e0   0x00000268   Code   RO         3406    i.Add_FR            as608.o
    0x08000548   0x08000548   0x00000002   Code   RO          458    i.BusFault_Handler  stm32f1xx_it.o
    0x0800054a   0x0800054a   0x00000002   Code   RO          459    i.DebugMon_Handler  stm32f1xx_it.o
    0x0800054c   0x0800054c   0x00000130   Code   RO         3407    i.Del_FR            as608.o
    0x0800067c   0x0800067c   0x0000023c   Code   RO         3409    i.EnsureMessage     as608.o
    0x080008b8   0x080008b8   0x00000004   Code   RO           13    i.Error_Handler     main.o
    0x080008bc   0x080008bc   0x00000024   Code   RO         1875    i.FLASH_MassErase   stm32f1xx_hal_flash_ex.o
    0x080008e0   0x080008e0   0x00000024   Code   RO         1880    i.FLASH_PageErase   stm32f1xx_hal_flash_ex.o
    0x08000904   0x08000904   0x0000001c   Code   RO         1772    i.FLASH_Program_HalfWord  stm32f1xx_hal_flash.o
    0x08000920   0x08000920   0x0000005c   Code   RO         1773    i.FLASH_SetErrorCode  stm32f1xx_hal_flash.o
    0x0800097c   0x0800097c   0x00000054   Code   RO         1774    i.FLASH_WaitForLastOperation  stm32f1xx_hal_flash.o
    0x080009d0   0x080009d0   0x00000014   Code   RO         3911    i.Figure            menu.o
    0x080009e4   0x080009e4   0x00000046   Code   RO         1436    i.HAL_DMA_Abort     stm32f1xx_hal_dma.o
    0x08000a2a   0x08000a2a   0x00000002   PAD
    0x08000a2c   0x08000a2c   0x00000098   Code   RO         1437    i.HAL_DMA_Abort_IT  stm32f1xx_hal_dma.o
    0x08000ac4   0x08000ac4   0x00000024   Code   RO         1062    i.HAL_Delay         stm32f1xx_hal.o
    0x08000ae8   0x08000ae8   0x000000a8   Code   RO         1881    i.HAL_FLASHEx_Erase  stm32f1xx_hal_flash_ex.o
    0x08000b90   0x08000b90   0x00000014   Code   RO         1778    i.HAL_FLASH_Lock    stm32f1xx_hal_flash.o
    0x08000ba4   0x08000ba4   0x00000080   Code   RO         1783    i.HAL_FLASH_Program  stm32f1xx_hal_flash.o
    0x08000c24   0x08000c24   0x00000028   Code   RO         1785    i.HAL_FLASH_Unlock  stm32f1xx_hal_flash.o
    0x08000c4c   0x08000c4c   0x000001e0   Code   RO         1372    i.HAL_GPIO_Init     stm32f1xx_hal_gpio.o
    0x08000e2c   0x08000e2c   0x0000000a   Code   RO         1374    i.HAL_GPIO_ReadPin  stm32f1xx_hal_gpio.o
    0x08000e36   0x08000e36   0x0000000a   Code   RO         1376    i.HAL_GPIO_WritePin  stm32f1xx_hal_gpio.o
    0x08000e40   0x08000e40   0x0000000c   Code   RO         1066    i.HAL_GetTick       stm32f1xx_hal.o
    0x08000e4c   0x08000e4c   0x00000188   Code   RO          629    i.HAL_I2C_Init      stm32f1xx_hal_i2c.o
    0x08000fd4   0x08000fd4   0x00000130   Code   RO          650    i.HAL_I2C_Mem_Write  stm32f1xx_hal_i2c.o
    0x08001104   0x08001104   0x0000005c   Code   RO          321    i.HAL_I2C_MspInit   i2c.o
    0x08001160   0x08001160   0x00000010   Code   RO         1072    i.HAL_IncTick       stm32f1xx_hal.o
    0x08001170   0x08001170   0x00000024   Code   RO         1073    i.HAL_Init          stm32f1xx_hal.o
    0x08001194   0x08001194   0x00000040   Code   RO         1074    i.HAL_InitTick      stm32f1xx_hal.o
    0x080011d4   0x080011d4   0x0000003c   Code   RO          558    i.HAL_MspInit       stm32f1xx_hal_msp.o
    0x08001210   0x08001210   0x0000001a   Code   RO         1532    i.HAL_NVIC_EnableIRQ  stm32f1xx_hal_cortex.o
    0x0800122a   0x0800122a   0x00000002   PAD
    0x0800122c   0x0800122c   0x00000040   Code   RO         1538    i.HAL_NVIC_SetPriority  stm32f1xx_hal_cortex.o
    0x0800126c   0x0800126c   0x00000024   Code   RO         1539    i.HAL_NVIC_SetPriorityGrouping  stm32f1xx_hal_cortex.o
    0x08001290   0x08001290   0x0000012c   Code   RO         1230    i.HAL_RCC_ClockConfig  stm32f1xx_hal_rcc.o
    0x080013bc   0x080013bc   0x00000020   Code   RO         1237    i.HAL_RCC_GetPCLK1Freq  stm32f1xx_hal_rcc.o
    0x080013dc   0x080013dc   0x00000020   Code   RO         1238    i.HAL_RCC_GetPCLK2Freq  stm32f1xx_hal_rcc.o
    0x080013fc   0x080013fc   0x0000004c   Code   RO         1239    i.HAL_RCC_GetSysClockFreq  stm32f1xx_hal_rcc.o
    0x08001448   0x08001448   0x00000320   Code   RO         1242    i.HAL_RCC_OscConfig  stm32f1xx_hal_rcc.o
    0x08001768   0x08001768   0x00000028   Code   RO         1543    i.HAL_SYSTICK_Config  stm32f1xx_hal_cortex.o
    0x08001790   0x08001790   0x00000002   Code   RO         2738    i.HAL_TIMEx_BreakCallback  stm32f1xx_hal_tim_ex.o
    0x08001792   0x08001792   0x00000002   Code   RO         2739    i.HAL_TIMEx_CommutCallback  stm32f1xx_hal_tim_ex.o
    0x08001794   0x08001794   0x00000068   Code   RO         2757    i.HAL_TIMEx_MasterConfigSynchronization  stm32f1xx_hal_tim_ex.o
    0x080017fc   0x080017fc   0x0000005a   Code   RO         2034    i.HAL_TIM_Base_Init  stm32f1xx_hal_tim.o
    0x08001856   0x08001856   0x00000002   PAD
    0x08001858   0x08001858   0x0000003c   Code   RO          363    i.HAL_TIM_Base_MspInit  tim.o
    0x08001894   0x08001894   0x00000058   Code   RO         2039    i.HAL_TIM_Base_Start_IT  stm32f1xx_hal_tim.o
    0x080018ec   0x080018ec   0x000000dc   Code   RO         2043    i.HAL_TIM_ConfigClockSource  stm32f1xx_hal_tim.o
    0x080019c8   0x080019c8   0x00000002   Code   RO         2068    i.HAL_TIM_IC_CaptureCallback  stm32f1xx_hal_tim.o
    0x080019ca   0x080019ca   0x00000166   Code   RO         2082    i.HAL_TIM_IRQHandler  stm32f1xx_hal_tim.o
    0x08001b30   0x08001b30   0x00000002   Code   RO         2085    i.HAL_TIM_OC_DelayElapsedCallback  stm32f1xx_hal_tim.o
    0x08001b32   0x08001b32   0x00000002   Code   RO         2112    i.HAL_TIM_PWM_PulseFinishedCallback  stm32f1xx_hal_tim.o
    0x08001b34   0x08001b34   0x000000d8   Code   RO         4183    i.HAL_TIM_PeriodElapsedCallback  timer.o
    0x08001c0c   0x08001c0c   0x00000002   Code   RO         2125    i.HAL_TIM_TriggerCallback  stm32f1xx_hal_tim.o
    0x08001c0e   0x08001c0e   0x00000002   Code   RO         3017    i.HAL_UARTEx_RxEventCallback  stm32f1xx_hal_uart.o
    0x08001c10   0x08001c10   0x00000002   Code   RO         3031    i.HAL_UART_ErrorCallback  stm32f1xx_hal_uart.o
    0x08001c12   0x08001c12   0x00000002   PAD
    0x08001c14   0x08001c14   0x0000026c   Code   RO         3034    i.HAL_UART_IRQHandler  stm32f1xx_hal_uart.o
    0x08001e80   0x08001e80   0x00000064   Code   RO         3035    i.HAL_UART_Init     stm32f1xx_hal_uart.o
    0x08001ee4   0x08001ee4   0x00000134   Code   RO          405    i.HAL_UART_MspInit  usart.o
    0x08002018   0x08002018   0x0000001c   Code   RO         3040    i.HAL_UART_Receive_IT  stm32f1xx_hal_uart.o
    0x08002034   0x08002034   0x00000064   Code   RO         4122    i.HAL_UART_RxCpltCallback  myusart.o
    0x08002098   0x08002098   0x0000009a   Code   RO         3043    i.HAL_UART_Transmit  stm32f1xx_hal_uart.o
    0x08002132   0x08002132   0x00000002   Code   RO         3046    i.HAL_UART_TxCpltCallback  stm32f1xx_hal_uart.o
    0x08002134   0x08002134   0x00000002   Code   RO          460    i.HardFault_Handler  stm32f1xx_it.o
    0x08002136   0x08002136   0x0000002e   Code   RO          672    i.I2C_IsAcknowledgeFailed  stm32f1xx_hal_i2c.o
    0x08002164   0x08002164   0x000000a8   Code   RO          683    i.I2C_RequestMemoryWrite  stm32f1xx_hal_i2c.o
    0x0800220c   0x0800220c   0x00000056   Code   RO          687    i.I2C_WaitOnBTFFlagUntilTimeout  stm32f1xx_hal_i2c.o
    0x08002262   0x08002262   0x00000002   PAD
    0x08002264   0x08002264   0x00000090   Code   RO          688    i.I2C_WaitOnFlagUntilTimeout  stm32f1xx_hal_i2c.o
    0x080022f4   0x080022f4   0x000000bc   Code   RO          689    i.I2C_WaitOnMasterAddressFlagUntilTimeout  stm32f1xx_hal_i2c.o
    0x080023b0   0x080023b0   0x00000056   Code   RO          691    i.I2C_WaitOnTXEFlagUntilTimeout  stm32f1xx_hal_i2c.o
    0x08002406   0x08002406   0x00000002   PAD
    0x08002408   0x08002408   0x0000000c   Code   RO         3410    i.IsModuleWakingUp1  as608.o
    0x08002414   0x08002414   0x00000068   Code   RO         3411    i.JudgeStr          as608.o
    0x0800247c   0x0800247c   0x00000094   Code   RO          209    i.MX_GPIO_Init      gpio.o
    0x08002510   0x08002510   0x00000040   Code   RO          322    i.MX_I2C1_Init      i2c.o
    0x08002550   0x08002550   0x00000068   Code   RO          364    i.MX_TIM3_Init      tim.o
    0x080025b8   0x080025b8   0x00000038   Code   RO          406    i.MX_USART1_UART_Init  usart.o
    0x080025f0   0x080025f0   0x00000038   Code   RO          407    i.MX_USART2_UART_Init  usart.o
    0x08002628   0x08002628   0x00000038   Code   RO          408    i.MX_USART3_UART_Init  usart.o
    0x08002660   0x08002660   0x0000001c   Code   RO         3412    i.MYUSART_SendData  as608.o
    0x0800267c   0x0800267c   0x00000002   Code   RO          461    i.MemManage_Handler  stm32f1xx_it.o
    0x0800267e   0x0800267e   0x00000002   Code   RO          462    i.NMI_Handler       stm32f1xx_it.o
    0x08002680   0x08002680   0x00000006   Code   RO         3790    i.OLED_CLS          oled.o
    0x08002686   0x08002686   0x00000038   Code   RO         3791    i.OLED_ClearGivenChar  oled.o
    0x080026be   0x080026be   0x00000002   PAD
    0x080026c0   0x080026c0   0x00000038   Code   RO         3793    i.OLED_Fill         oled.o
    0x080026f8   0x080026f8   0x000000ba   Code   RO         3794    i.OLED_Init         oled.o
    0x080027b2   0x080027b2   0x00000026   Code   RO         3797    i.OLED_SetPos       oled.o
    0x080027d8   0x080027d8   0x00000048   Code   RO         3798    i.OLED_ShowCN       oled.o
    0x08002820   0x08002820   0x00000088   Code   RO         3800    i.OLED_ShowChar     oled.o
    0x080028a8   0x080028a8   0x0000006a   Code   RO         3801    i.OLED_ShowNum      oled.o
    0x08002912   0x08002912   0x00000002   PAD
    0x08002914   0x08002914   0x000000d8   Code   RO         3802    i.OLED_ShowStr      oled.o
    0x080029ec   0x080029ec   0x0000005e   Code   RO         3413    i.PS_DeletChar      as608.o
    0x08002a4a   0x08002a4a   0x0000003c   Code   RO         3415    i.PS_GenChar        as608.o
    0x08002a86   0x08002a86   0x00000034   Code   RO         3416    i.PS_GetImage       as608.o
    0x08002aba   0x08002aba   0x00000084   Code   RO         3418    i.PS_HighSpeedSearch  as608.o
    0x08002b3e   0x08002b3e   0x00000034   Code   RO         3419    i.PS_Match          as608.o
    0x08002b72   0x08002b72   0x00000034   Code   RO         3422    i.PS_RegModel       as608.o
    0x08002ba6   0x08002ba6   0x00000002   PAD
    0x08002ba8   0x08002ba8   0x00000034   Code   RO         3425    i.PS_StaGPIO_Init   as608.o
    0x08002bdc   0x08002bdc   0x00000052   Code   RO         3426    i.PS_StoreChar      as608.o
    0x08002c2e   0x08002c2e   0x00000002   Code   RO          463    i.PendSV_Handler    stm32f1xx_it.o
    0x08002c30   0x08002c30   0x00000002   Code   RO          464    i.SVC_Handler       stm32f1xx_it.o
    0x08002c32   0x08002c32   0x00000002   PAD
    0x08002c34   0x08002c34   0x0000007c   Code   RO         4153    i.SYN_FrameInfo     syn6288.o
    0x08002cb0   0x08002cb0   0x00000030   Code   RO         3430    i.SendAddr          as608.o
    0x08002ce0   0x08002ce0   0x00000014   Code   RO         3431    i.SendCheck         as608.o
    0x08002cf4   0x08002cf4   0x00000020   Code   RO         3432    i.SendHead          as608.o
    0x08002d14   0x08002d14   0x00000016   Code   RO         3433    i.SendLength        as608.o
    0x08002d2a   0x08002d2a   0x00000002   PAD
    0x08002d2c   0x08002d2c   0x0000001c   Code   RO         3434    i.ShowErrMessage    as608.o
    0x08002d48   0x08002d48   0x000000f4   Code   RO         3691    i.Store_Init        hhstore.o
    0x08002e3c   0x08002e3c   0x00000090   Code   RO         3692    i.Store_Save        hhstore.o
    0x08002ecc   0x08002ecc   0x00000004   Code   RO          465    i.SysTick_Handler   stm32f1xx_it.o
    0x08002ed0   0x08002ed0   0x0000005e   Code   RO           14    i.SystemClock_Config  main.o
    0x08002f2e   0x08002f2e   0x00000002   Code   RO         3369    i.SystemInit        system_stm32f1xx.o
    0x08002f30   0x08002f30   0x0000000c   Code   RO          466    i.TIM3_IRQHandler   stm32f1xx_it.o
    0x08002f3c   0x08002f3c   0x0000006c   Code   RO         2127    i.TIM_Base_SetConfig  stm32f1xx_hal_tim.o
    0x08002fa8   0x08002fa8   0x00000014   Code   RO         2138    i.TIM_ETR_SetConfig  stm32f1xx_hal_tim.o
    0x08002fbc   0x08002fbc   0x00000010   Code   RO         2139    i.TIM_ITRx_SetConfig  stm32f1xx_hal_tim.o
    0x08002fcc   0x08002fcc   0x00000022   Code   RO         2145    i.TIM_TI1_ConfigInputStage  stm32f1xx_hal_tim.o
    0x08002fee   0x08002fee   0x00000024   Code   RO         2147    i.TIM_TI2_ConfigInputStage  stm32f1xx_hal_tim.o
    0x08003012   0x08003012   0x00000010   Code   RO         3048    i.UART_DMAAbortOnError  stm32f1xx_hal_uart.o
    0x08003022   0x08003022   0x0000004e   Code   RO         3058    i.UART_EndRxTransfer  stm32f1xx_hal_uart.o
    0x08003070   0x08003070   0x000000c2   Code   RO         3060    i.UART_Receive_IT   stm32f1xx_hal_uart.o
    0x08003132   0x08003132   0x00000002   PAD
    0x08003134   0x08003134   0x000000b8   Code   RO         3061    i.UART_SetConfig    stm32f1xx_hal_uart.o
    0x080031ec   0x080031ec   0x00000036   Code   RO         3063    i.UART_Start_Receive_IT  stm32f1xx_hal_uart.o
    0x08003222   0x08003222   0x00000078   Code   RO         3064    i.UART_WaitOnFlagUntilTimeout  stm32f1xx_hal_uart.o
    0x0800329a   0x0800329a   0x00000002   PAD
    0x0800329c   0x0800329c   0x0000000c   Code   RO          467    i.USART1_IRQHandler  stm32f1xx_it.o
    0x080032a8   0x080032a8   0x0000003c   Code   RO          468    i.USART2_IRQHandler  stm32f1xx_it.o
    0x080032e4   0x080032e4   0x0000000c   Code   RO          469    i.USART3_IRQHandler  stm32f1xx_it.o
    0x080032f0   0x080032f0   0x000000a4   Code   RO         3912    i.Unlock_failed     menu.o
    0x08003394   0x08003394   0x0000004c   Code   RO         3913    i.Unlock_success    menu.o
    0x080033e0   0x080033e0   0x00000002   Code   RO          470    i.UsageFault_Handler  stm32f1xx_it.o
    0x080033e2   0x080033e2   0x00000002   PAD
    0x080033e4   0x080033e4   0x00000024   Code   RO         3803    i.WriteCmd          oled.o
    0x08003408   0x08003408   0x00000024   Code   RO         3804    i.WriteDat          oled.o
    0x0800342c   0x0800342c   0x00000020   Code   RO         4361    i.__0printf$5       mc_w.l(printf5.o)
    0x0800344c   0x0800344c   0x00000020   Code   RO         1545    i.__NVIC_SetPriority  stm32f1xx_hal_cortex.o
    0x0800346c   0x0800346c   0x0000000e   Code   RO         4531    i.__scatterload_copy  mc_w.l(handlers.o)
    0x0800347a   0x0800347a   0x00000002   Code   RO         4532    i.__scatterload_null  mc_w.l(handlers.o)
    0x0800347c   0x0800347c   0x0000000e   Code   RO         4533    i.__scatterload_zeroinit  mc_w.l(handlers.o)
    0x0800348a   0x0800348a   0x00000002   PAD
    0x0800348c   0x0800348c   0x000002c0   Code   RO         4368    i._printf_core      mc_w.l(printf5.o)
    0x0800374c   0x0800374c   0x0000002e   Code   RO         3914    i.add_fail          menu.o
    0x0800377a   0x0800377a   0x00000082   Code   RO         3915    i.add_figure        menu.o
    0x080037fc   0x080037fc   0x0000002e   Code   RO         3916    i.add_success       menu.o
    0x0800382a   0x0800382a   0x0000006a   Code   RO         3917    i.admin_fail        menu.o
    0x08003894   0x08003894   0x00000088   Code   RO         3918    i.admin_input       menu.o
    0x0800391c   0x0800391c   0x000000ac   Code   RO         3919    i.admin_judge       menu.o
    0x080039c8   0x080039c8   0x00000188   Code   RO         3920    i.admin_menu        menu.o
    0x08003b50   0x08003b50   0x00000054   Code   RO         3435    i.as608_init        as608.o
    0x08003ba4   0x08003ba4   0x000001fc   Code   RO         3760    i.button4_4_Scan    key.o
    0x08003da0   0x08003da0   0x0000009c   Code   RO         3921    i.change_admin      menu.o
    0x08003e3c   0x08003e3c   0x00000050   Code   RO         3922    i.change_admin_fail_success  menu.o
    0x08003e8c   0x08003e8c   0x00000092   Code   RO         3923    i.change_user       menu.o
    0x08003f1e   0x08003f1e   0x00000002   PAD
    0x08003f20   0x08003f20   0x00000050   Code   RO         3924    i.change_user_fail_success  menu.o
    0x08003f70   0x08003f70   0x0000007e   Code   RO         3925    i.changed_admin_fail_view  menu.o
    0x08003fee   0x08003fee   0x0000002e   Code   RO         3926    i.changed_success_view  menu.o
    0x0800401c   0x0800401c   0x0000007e   Code   RO         3927    i.changed_user_fail_view  menu.o
    0x0800409a   0x0800409a   0x0000001a   Code   RO         3654    i.delay_ms          delay.o
    0x080040b4   0x080040b4   0x00000050   Code   RO         3655    i.delay_us          delay.o
    0x08004104   0x08004104   0x00000070   Code   RO         3928    i.delete_fail       menu.o
    0x08004174   0x08004174   0x000000cc   Code   RO         3929    i.delete_figure     menu.o
    0x08004240   0x08004240   0x0000002e   Code   RO         3930    i.delete_success    menu.o
    0x0800426e   0x0800426e   0x00000002   PAD
    0x08004270   0x08004270   0x0000009c   Code   RO         3931    i.denglu_jduge      menu.o
    0x0800430c   0x0800430c   0x00000060   Code   RO         3932    i.figuer_empty      menu.o
    0x0800436c   0x0800436c   0x00000070   Code   RO         3933    i.figuer_fill       menu.o
    0x080043dc   0x080043dc   0x000000b0   Code   RO         3934    i.forbid_admin      menu.o
    0x0800448c   0x0800448c   0x00000088   Code   RO         3935    i.forbid_user       menu.o
    0x08004514   0x08004514   0x00000020   Code   RO           15    i.fputc             main.o
    0x08004534   0x08004534   0x0000002c   Code   RO         3693    i.hhMyFLASH_ErasePage  hhstore.o
    0x08004560   0x08004560   0x00000be0   Code   RO         3936    i.key_display       menu.o
    0x08005140   0x08005140   0x000000ec   Code   RO           17    i.main              main.o
    0x0800522c   0x0800522c   0x000000de   Code   RO         3937    i.main_menu         menu.o
    0x0800530a   0x0800530a   0x00000010   Code   RO         3805    i.oled_pow          oled.o
    0x0800531a   0x0800531a   0x00000002   PAD
    0x0800531c   0x0800531c   0x00000124   Code   RO         3436    i.press_FR          as608.o
    0x08005440   0x08005440   0x00000048   Code   RO         3938    i.usart1_disp       menu.o
    0x08005488   0x08005488   0x00000150   Code   RO         3939    i.usart_disp        menu.o
    0x080055d8   0x080055d8   0x00000090   Code   RO         3940    i.view_display      menu.o
    0x08005668   0x08005668   0x00000012   Data   RO         1243    .constdata          stm32f1xx_hal_rcc.o
    0x0800567a   0x0800567a   0x00000010   Data   RO         3370    .constdata          system_stm32f1xx.o
    0x0800568a   0x0800568a   0x00000008   Data   RO         3371    .constdata          system_stm32f1xx.o
    0x08005692   0x08005692   0x00000828   Data   RO         3806    .constdata          oled.o
    0x08005eba   0x08005eba   0x00000002   PAD
    0x08005ebc   0x08005ebc   0x00000020   Data   RO         4529    Region$$Table       anon$$obj.o


    Execution Region RW_IRAM1 (Exec base: 0x20000000, Load base: 0x08005edc, Size: 0x000011f8, Max: 0x00005000, ABSOLUTE, COMPRESSED[0x000005fc])

    Exec Addr    Load Addr    Size         Type   Attr      Idx    E Section Name        Object

    0x20000000   COMPRESSED   0x0000000c   Data   RW         1080    .data               stm32f1xx_hal.o
    0x2000000c   COMPRESSED   0x00000004   Data   RW         3372    .data               system_stm32f1xx.o
    0x20000010   COMPRESSED   0x00000012   Data   RW         3440    .data               as608.o
    0x20000022   COMPRESSED   0x00000002   Data   RW         3443    .data               as608.o
    0x20000024   COMPRESSED   0x0000001e   Data   RW         3694    .data               hhstore.o
    0x20000042   COMPRESSED   0x00000800   Data   RW         3807    .data               oled.o
    0x20000842   COMPRESSED   0x00000002   PAD
    0x20000844   COMPRESSED   0x0000002c   Data   RW         3942    .data               menu.o
    0x20000870   COMPRESSED   0x00000004   Data   RW         4124    .data               myusart.o
    0x20000874   COMPRESSED   0x0000001c   Data   RW         4184    .data               timer.o
    0x20000890   COMPRESSED   0x00000004   Data   RW         4505    .data               mc_w.l(stdout.o)
    0x20000894        -       0x00000054   Zero   RW          323    .bss                i2c.o
    0x200008e8        -       0x00000048   Zero   RW          365    .bss                tim.o
    0x20000930        -       0x000000d8   Zero   RW          409    .bss                usart.o
    0x20000a08        -       0x00000020   Zero   RW         1786    .bss                stm32f1xx_hal_flash.o
    0x20000a28        -       0x00000190   Zero   RW         3438    .bss                as608.o
    0x20000bb8        -       0x00000010   Zero   RW         3761    .bss                key.o
    0x20000bc8        -       0x00000030   Zero   RW         3941    .bss                menu.o
    0x20000bf8        -       0x000001fe   Zero   RW         4123    .bss                myusart.o
    0x20000df6   COMPRESSED   0x00000002   PAD
    0x20000df8        -       0x00000400   Zero   RW            1    STACK               startup_stm32f103xb.o


==============================================================================

Image component sizes


      Code (inc. data)   RO Data    RW Data    ZI Data      Debug   Object Name

      2738       1052          0         20        400      14548   as608.o
       106          6          0          0          0       1314   delay.o
       148         14          0          0          0     436555   gpio.o
       432         26          0         30          0       7881   hhstore.o
       156         26          0          0         84       1517   i2c.o
       508         14          0          0         16       1701   key.o
       366        110          0          0          0     426208   main.o
      6900        488          0         44         48      18253   menu.o
       100         24          0          4        510       1249   myusart.o
       960         36       2088       2048          0       7714   oled.o
        36          8        236          0       1024        768   startup_stm32f103xb.o
       164         28          0         12          0       5677   stm32f1xx_hal.o
       198         14          0          0          0      28771   stm32f1xx_hal_cortex.o
       222          4          0          0          0       1687   stm32f1xx_hal_dma.o
       392         46          0          0         32       4502   stm32f1xx_hal_flash.o
       240         26          0          0          0       3133   stm32f1xx_hal_flash_ex.o
       500         34          0          0          0       3407   stm32f1xx_hal_gpio.o
      1414         32          0          0          0       9127   stm32f1xx_hal_i2c.o
        60          8          0          0          0        814   stm32f1xx_hal_msp.o
      1240         84         18          0          0       4944   stm32f1xx_hal_rcc.o
       978         26          0          0          0       9365   stm32f1xx_hal_tim.o
       108         12          0          0          0       2289   stm32f1xx_hal_tim_ex.o
      1554         10          0          0          0      10496   stm32f1xx_hal_uart.o
       116         30          0          0          0       5656   stm32f1xx_it.o
       124          6          0          0          0       1104   syn6288.o
         2          0         24          4          0       1035   system_stm32f1xx.o
       164         18          0          0         72       1550   tim.o
       216         42          0         28          0       1358   timer.o
       476         50          0          0        216       2852   usart.o

    ----------------------------------------------------------------------
     20652       2274       2400       2192       2404    1015475   Object Totals
         0          0         32          0          0          0   (incl. Generated)
        34          0          2          2          2          0   (incl. Padding)

    ----------------------------------------------------------------------

      Code (inc. data)   RO Data    RW Data    ZI Data      Debug   Library Member Name

        94          0          0          0          0          0   __dclz77c.o
         0          0          0          0          0          0   entry.o
         0          0          0          0          0          0   entry10a.o
         0          0          0          0          0          0   entry11a.o
         4          0          0          0          0          0   entry12b.o
         8          4          0          0          0          0   entry2.o
         4          0          0          0          0          0   entry5.o
         0          0          0          0          0          0   entry7b.o
         0          0          0          0          0          0   entry8b.o
         8          4          0          0          0          0   entry9a.o
        30          0          0          0          0          0   handlers.o
        36          8          0          0          0         68   init.o
        30          0          0          0          0         68   llshl.o
        32          0          0          0          0         68   llushr.o
        26          0          0          0          0         80   memcmp.o
        36          0          0          0          0         68   memcpya.o
        36          0          0          0          0        108   memseta.o
       736         54          0          0          0        184   printf5.o
         0          0          0          4          0          0   stdout.o
        14          0          0          0          0         68   strlen.o
        36          0          0          0          0         80   strstr.o
        98          0          0          0          0         92   uldiv.o

    ----------------------------------------------------------------------
      1232         70          0          4          0        884   Library Totals
         4          0          0          0          0          0   (incl. Padding)

    ----------------------------------------------------------------------

      Code (inc. data)   RO Data    RW Data    ZI Data      Debug   Library Name

      1228         70          0          4          0        884   mc_w.l

    ----------------------------------------------------------------------
      1232         70          0          4          0        884   Library Totals

    ----------------------------------------------------------------------

==============================================================================


      Code (inc. data)   RO Data    RW Data    ZI Data      Debug   

     21884       2344       2400       2196       2404    1007751   Grand Totals
     21884       2344       2400       1532       2404    1007751   ELF Image Totals (compressed)
     21884       2344       2400       1532          0          0   ROM Totals

==============================================================================

    Total RO  Size (Code + RO Data)                24284 (  23.71kB)
    Total RW  Size (RW Data + ZI Data)              4600 (   4.49kB)
    Total ROM Size (Code + RO Data + RW Data)      25816 (  25.21kB)

==============================================================================

